Archive member included to satisfy reference by file (symbol)

c:/eclipseenvironement/eclipse_e-puck2/tools/gcc-arm-none-eabi-7-2017-q4-major-win32/bin/../lib/gcc/arm-none-eabi/7.2.1/../../../../arm-none-eabi/lib/thumb/v7e-m/fpv4-sp/hard\libm.a(lib_a-wf_atan2.o)
                              build/obj/cmd.o (atan2f)
c:/eclipseenvironement/eclipse_e-puck2/tools/gcc-arm-none-eabi-7-2017-q4-major-win32/bin/../lib/gcc/arm-none-eabi/7.2.1/../../../../arm-none-eabi/lib/thumb/v7e-m/fpv4-sp/hard\libm.a(lib_a-wf_sqrt.o)
                              build/obj/cmd.o (sqrtf)
c:/eclipseenvironement/eclipse_e-puck2/tools/gcc-arm-none-eabi-7-2017-q4-major-win32/bin/../lib/gcc/arm-none-eabi/7.2.1/../../../../arm-none-eabi/lib/thumb/v7e-m/fpv4-sp/hard\libm.a(lib_a-ef_atan2.o)
                              c:/eclipseenvironement/eclipse_e-puck2/tools/gcc-arm-none-eabi-7-2017-q4-major-win32/bin/../lib/gcc/arm-none-eabi/7.2.1/../../../../arm-none-eabi/lib/thumb/v7e-m/fpv4-sp/hard\libm.a(lib_a-wf_atan2.o) (__ieee754_atan2f)
c:/eclipseenvironement/eclipse_e-puck2/tools/gcc-arm-none-eabi-7-2017-q4-major-win32/bin/../lib/gcc/arm-none-eabi/7.2.1/../../../../arm-none-eabi/lib/thumb/v7e-m/fpv4-sp/hard\libm.a(lib_a-ef_sqrt.o)
                              c:/eclipseenvironement/eclipse_e-puck2/tools/gcc-arm-none-eabi-7-2017-q4-major-win32/bin/../lib/gcc/arm-none-eabi/7.2.1/../../../../arm-none-eabi/lib/thumb/v7e-m/fpv4-sp/hard\libm.a(lib_a-wf_sqrt.o) (__ieee754_sqrtf)
c:/eclipseenvironement/eclipse_e-puck2/tools/gcc-arm-none-eabi-7-2017-q4-major-win32/bin/../lib/gcc/arm-none-eabi/7.2.1/../../../../arm-none-eabi/lib/thumb/v7e-m/fpv4-sp/hard\libm.a(lib_a-s_lib_ver.o)
                              c:/eclipseenvironement/eclipse_e-puck2/tools/gcc-arm-none-eabi-7-2017-q4-major-win32/bin/../lib/gcc/arm-none-eabi/7.2.1/../../../../arm-none-eabi/lib/thumb/v7e-m/fpv4-sp/hard\libm.a(lib_a-wf_sqrt.o) (__fdlib_version)
c:/eclipseenvironement/eclipse_e-puck2/tools/gcc-arm-none-eabi-7-2017-q4-major-win32/bin/../lib/gcc/arm-none-eabi/7.2.1/../../../../arm-none-eabi/lib/thumb/v7e-m/fpv4-sp/hard\libm.a(lib_a-s_matherr.o)
                              c:/eclipseenvironement/eclipse_e-puck2/tools/gcc-arm-none-eabi-7-2017-q4-major-win32/bin/../lib/gcc/arm-none-eabi/7.2.1/../../../../arm-none-eabi/lib/thumb/v7e-m/fpv4-sp/hard\libm.a(lib_a-wf_sqrt.o) (matherr)
c:/eclipseenvironement/eclipse_e-puck2/tools/gcc-arm-none-eabi-7-2017-q4-major-win32/bin/../lib/gcc/arm-none-eabi/7.2.1/../../../../arm-none-eabi/lib/thumb/v7e-m/fpv4-sp/hard\libm.a(lib_a-sf_atan.o)
                              c:/eclipseenvironement/eclipse_e-puck2/tools/gcc-arm-none-eabi-7-2017-q4-major-win32/bin/../lib/gcc/arm-none-eabi/7.2.1/../../../../arm-none-eabi/lib/thumb/v7e-m/fpv4-sp/hard\libm.a(lib_a-ef_atan2.o) (atanf)
c:/eclipseenvironement/eclipse_e-puck2/tools/gcc-arm-none-eabi-7-2017-q4-major-win32/bin/../lib/gcc/arm-none-eabi/7.2.1/../../../../arm-none-eabi/lib/thumb/v7e-m/fpv4-sp/hard\libm.a(lib_a-sf_fabs.o)
                              c:/eclipseenvironement/eclipse_e-puck2/tools/gcc-arm-none-eabi-7-2017-q4-major-win32/bin/../lib/gcc/arm-none-eabi/7.2.1/../../../../arm-none-eabi/lib/thumb/v7e-m/fpv4-sp/hard\libm.a(lib_a-ef_atan2.o) (fabsf)
../../lib/e-puck2_main-processor/libPDMFilter_CM4F_GCC.a(pdm_filter.o)
                              build/obj/mp45dt02_processing.o (PDM_Filter_Init)
c:/eclipseenvironement/eclipse_e-puck2/tools/gcc-arm-none-eabi-7-2017-q4-major-win32/bin/../lib/gcc/arm-none-eabi/7.2.1/thumb/v7e-m/fpv4-sp/hard\libgcc.a(_arm_addsubdf3.o)
                              build/obj/chprintf.o (__aeabi_dsub)
c:/eclipseenvironement/eclipse_e-puck2/tools/gcc-arm-none-eabi-7-2017-q4-major-win32/bin/../lib/gcc/arm-none-eabi/7.2.1/thumb/v7e-m/fpv4-sp/hard\libgcc.a(_arm_muldivdf3.o)
                              build/obj/chprintf.o (__aeabi_dmul)
c:/eclipseenvironement/eclipse_e-puck2/tools/gcc-arm-none-eabi-7-2017-q4-major-win32/bin/../lib/gcc/arm-none-eabi/7.2.1/thumb/v7e-m/fpv4-sp/hard\libgcc.a(_arm_fixdfsi.o)
                              build/obj/chprintf.o (__aeabi_d2iz)
c:/eclipseenvironement/eclipse_e-puck2/tools/gcc-arm-none-eabi-7-2017-q4-major-win32/bin/../lib/gcc/arm-none-eabi/7.2.1/thumb/v7e-m/fpv4-sp/hard\libgcc.a(_arm_fixunsdfsi.o)
                              ../../lib/e-puck2_main-processor/libPDMFilter_CM4F_GCC.a(pdm_filter.o) (__aeabi_d2uiz)
c:/eclipseenvironement/eclipse_e-puck2/tools/gcc-arm-none-eabi-7-2017-q4-major-win32/bin/../lib/gcc/arm-none-eabi/7.2.1/thumb/v7e-m/fpv4-sp/hard\libgcc.a(_arm_truncdfsf2.o)
                              build/obj/cmp.o (__aeabi_d2f)
c:/eclipseenvironement/eclipse_e-puck2/tools/gcc-arm-none-eabi-7-2017-q4-major-win32/bin/../lib/gcc/arm-none-eabi/7.2.1/thumb/v7e-m/fpv4-sp/hard\libgcc.a(_arm_addsubsf3.o)
                              build/obj/parameter_msgpack.o (__aeabi_l2f)
[...]
Memory Configuration

Name             Origin             Length             Attributes
flash            0x08000000         0x000c0000
aseba_bytecode   0x080c0000         0x00020000
config           0x080e0000         0x00020000
ram              0x20000000         0x0001c000
ethram           0x2001c000         0x00004000
ccmram           0x10000000         0x00010000
ram0             0x20000000         0x00020000
ram1             0x20000000         0x0001c000
ram2             0x2001c000         0x00004000
ram3             0x00000000         0x00000000
ram4             0x10000000         0x00010000
ram5             0x40024000         0x00001000
ram6             0x00000000         0x00000000
ram7             0x00000000         0x00000000
*default*        0x00000000         0xffffffff

Linker script and memory map

LOAD build/obj/crt0_v7m.o
LOAD build/obj/chcoreasm_v7m.o
LOAD build/obj/main.o
LOAD build/obj/pi_regulator.o
LOAD build/obj/process_image.o
LOAD build/obj/spi3_slave_lld.o
LOAD build/obj/dcmi_lld.o
LOAD build/obj/dcmi.o
LOAD build/obj/spi3_slave.o
LOAD build/obj/audio_thread.o
LOAD build/obj/microphone.o
LOAD build/obj/mp45dt02_processing.o
LOAD build/obj/play_melody.o
LOAD build/obj/button.o
LOAD build/obj/dcmi_camera.o
LOAD build/obj/po8030.o
LOAD build/obj/cmd.o
LOAD build/obj/Asercom.o
LOAD build/obj/Asercom2.o
LOAD build/obj/DataEEPROM.o
LOAD build/obj/e_I2C_protocol.o
LOAD build/obj/e_acc.o
LOAD build/obj/e_ad_conv.o
LOAD build/obj/e_micro.o
LOAD build/obj/e_prox.o
LOAD build/obj/e_lsm330.o
LOAD build/obj/e_common.o
LOAD build/obj/e_sound.o
LOAD build/obj/e_agenda.o
LOAD build/obj/e_led.o
LOAD build/obj/e_motors.o
LOAD build/obj/e_remote_control.o
LOAD build/obj/e_init_port.o
LOAD build/obj/e_uart_char.o
LOAD build/obj/utility.o
LOAD build/obj/exti.o
LOAD build/obj/flash.o
LOAD build/obj/i2c_bus.o
LOAD build/obj/ir_remote.o
LOAD build/obj/leds.o
LOAD build/obj/memory_protection.o
LOAD build/obj/motors.o
LOAD build/obj/panic.o
LOAD build/obj/selector.o
LOAD build/obj/battery_level.o
LOAD build/obj/imu.o
LOAD build/obj/mpu9250.o
LOAD build/obj/proximity.o
LOAD build/obj/spi_comm.o
LOAD build/obj/sdio.o
LOAD build/obj/usbcfg.o
LOAD build/obj/uc_usage.o
LOAD build/obj/malloc_lock.o
LOAD build/obj/newlib_syscalls.o
LOAD build/obj/port.o
LOAD build/obj/communication.o
LOAD build/obj/config_flash_storage.o
LOAD build/obj/vl53l0x_api.o
LOAD build/obj/vl53l0x_api_calibration.o
LOAD build/obj/vl53l0x_api_core.o
LOAD build/obj/vl53l0x_api_ranging.o
LOAD build/obj/vl53l0x_api_strings.o
LOAD build/obj/vl53l0x_i2c_platform.o
LOAD build/obj/vl53l0x_platform.o
LOAD build/obj/VL53L0X.o
LOAD build/obj/serial_datagram.o
LOAD build/obj/cmp.o
LOAD build/obj/cmp_mem_access.o
LOAD build/obj/crc16.o
LOAD build/obj/crc32.o
LOAD build/obj/messagebus.o
LOAD build/obj/parameter.o
LOAD build/obj/parameter_msgpack.o
LOAD build/obj/parameter_print.o
LOAD build/obj/fat.o
LOAD build/obj/play_sound_file.o
LOAD build/obj/crt1.o
LOAD build/obj/vectors.o
LOAD build/obj/chsys.o
LOAD build/obj/chdebug.o
LOAD build/obj/chvt.o
LOAD build/obj/chschd.o
LOAD build/obj/chthreads.o
LOAD build/obj/chtm.o
LOAD build/obj/chstats.o
LOAD build/obj/chdynamic.o
LOAD build/obj/chregistry.o
LOAD build/obj/chsem.o
LOAD build/obj/chmtx.o
LOAD build/obj/chcond.o
LOAD build/obj/chevents.o
LOAD build/obj/chmsg.o
LOAD build/obj/chmboxes.o
LOAD build/obj/chqueues.o
LOAD build/obj/chmemcore.o
LOAD build/obj/chheap.o
LOAD build/obj/chmempools.o
LOAD build/obj/chcore.o
LOAD build/obj/chcore_v7m.o
LOAD build/obj/osal.o
LOAD build/obj/hal.o
LOAD build/obj/hal_queues.o
LOAD build/obj/hal_mmcsd.o
LOAD build/obj/adc.o
LOAD build/obj/can.o
LOAD build/obj/dac.o
LOAD build/obj/ext.o
LOAD build/obj/gpt.o
LOAD build/obj/i2c.o
LOAD build/obj/i2s.o
LOAD build/obj/icu.o
LOAD build/obj/mac.o
LOAD build/obj/mmc_spi.o
LOAD build/obj/pal.o
LOAD build/obj/pwm.o
LOAD build/obj/rtc.o
LOAD build/obj/sdc.o
LOAD build/obj/serial.o
LOAD build/obj/serial_usb.o
LOAD build/obj/spi.o
LOAD build/obj/st.o
LOAD build/obj/uart.o
LOAD build/obj/usb.o
LOAD build/obj/nvic.o
LOAD build/obj/stm32_dma.o
LOAD build/obj/hal_lld.o
LOAD build/obj/adc_lld.o
LOAD build/obj/ext_lld_isr.o
LOAD build/obj/can_lld.o
LOAD build/obj/ext_lld.o
LOAD build/obj/mac_lld.o
LOAD build/obj/sdc_lld.o
LOAD build/obj/dac_lld.o
LOAD build/obj/pal_lld.o
LOAD build/obj/i2c_lld.o
LOAD build/obj/usb_lld.o
LOAD build/obj/rtc_lld.o
LOAD build/obj/i2s_lld.o
LOAD build/obj/spi_lld.o
LOAD build/obj/gpt_lld.o
LOAD build/obj/icu_lld.o
LOAD build/obj/pwm_lld.o
LOAD build/obj/st_lld.o
LOAD build/obj/serial_lld.o
LOAD build/obj/uart_lld.o
LOAD build/obj/board.o
LOAD build/obj/test.o
LOAD build/obj/testthd.o
LOAD build/obj/testsem.o
LOAD build/obj/testmtx.o
LOAD build/obj/testmsg.o
LOAD build/obj/testmbox.o
LOAD build/obj/testevt.o
LOAD build/obj/testheap.o
LOAD build/obj/testpools.o
LOAD build/obj/testdyn.o
LOAD build/obj/testqueues.o
LOAD build/obj/testsys.o
LOAD build/obj/testbmk.o
LOAD build/obj/shell.o
LOAD build/obj/memstreams.o
LOAD build/obj/chprintf.o
LOAD build/obj/fatfs_diskio.o
LOAD build/obj/fatfs_syscall.o
LOAD build/obj/ff.o
LOAD build/obj/unicode.o
LOAD build/obj/vm-buffer.o
LOAD build/obj/can-buffer.o
LOAD build/obj/can-net.o
LOAD build/obj/natives.o
LOAD build/obj/vm.o
LOAD build/obj/aseba_can_interface.o
LOAD build/obj/aseba_node.o
LOAD build/obj/skel_user.o
LOAD build/obj/aseba_bridge.o
                0x080c0000                _aseba_bytecode_start = ORIGIN (aseba_bytecode)
                0x080e0000                _aseba_bytecode_end = (ORIGIN (aseba_bytecode) + LENGTH (aseba_bytecode))
                0x080e0000                _config_start = ORIGIN (config)
                0x08100000                _config_end = (ORIGIN (config) + LENGTH (config))
                0x20000000                __ram0_start__ = ORIGIN (ram0)
                0x00020000                __ram0_size__ = LENGTH (ram0)
                0x20020000                __ram0_end__ = (__ram0_start__ + __ram0_size__)
                0x20000000                __ram1_start__ = ORIGIN (ram1)
                0x0001c000                __ram1_size__ = LENGTH (ram1)
                0x2001c000                __ram1_end__ = (__ram1_start__ + __ram1_size__)
                0x2001c000                __ram2_start__ = ORIGIN (ram2)
                0x00004000                __ram2_size__ = LENGTH (ram2)
                0x20020000                __ram2_end__ = (__ram2_start__ + __ram2_size__)
                0x00000000                __ram3_start__ = ORIGIN (ram3)
                0x00000000                __ram3_size__ = LENGTH (ram3)
                0x00000000                __ram3_end__ = (__ram3_start__ + __ram3_size__)
                0x10000000                __ram4_start__ = ORIGIN (ram4)
                0x00010000                __ram4_size__ = LENGTH (ram4)
                0x10010000                __ram4_end__ = (__ram4_start__ + __ram4_size__)
                0x40024000                __ram5_start__ = ORIGIN (ram5)
                0x00001000                __ram5_size__ = LENGTH (ram5)
                0x40025000                __ram5_end__ = (__ram5_start__ + __ram5_size__)
                0x00000000                __ram6_start__ = ORIGIN (ram6)
                0x00000000                __ram6_size__ = LENGTH (ram6)
                0x00000000                __ram6_end__ = (__ram6_start__ + __ram6_size__)
                0x00000000                __ram7_start__ = ORIGIN (ram7)
                0x00000000                __ram7_size__ = LENGTH (ram7)
                0x00000000                __ram7_end__ = (__ram7_start__ + __ram7_size__)
                0x00000000                . = 0x0
                0x00000000                _text = .

startup         0x08000000      0x1c0
 *(.vectors)
 .vectors       0x08000000      0x1c0 build/obj/vectors.o
                0x08000000                _vectors

constructors    0x080001c0        0x0
                0x080001c0                PROVIDE (__init_array_start, .)
 *(SORT_BY_NAME(.init_array.*))
 *(.init_array)
                0x080001c0                PROVIDE (__init_array_end, .)

destructors     0x080001c0        0x0
                0x080001c0                PROVIDE (__fini_array_start, .)
 *(.fini_array)
 *(SORT_BY_NAME(.fini_array.*))
                0x080001c0                PROVIDE (__fini_array_end, .)

.text           0x080001c0    0x10afc
 *(.text)
 .text          0x080001c0       0xf0 build/obj/crt0_v7m.o
                0x080001c0                Reset_Handler
 .text          0x080002b0       0x48 build/obj/chcoreasm_v7m.o
                0x080002b0                _port_switch
                0x080002c8                _port_thread_start
                0x080002e0                _port_switch_from_isr
                0x080002f4                _port_exit_from_isr
 *fill*         0x080002f8        0x8 
 .text          0x08000300      0x378 c:/eclipseenvironement/eclipse_e-puck2/tools/gcc-arm-none-eabi-7-2017-q4-major-win32/bin/../lib/gcc/arm-none-eabi/7.2.1/thumb/v7e-m/fpv4-sp/hard\libgcc.a(_arm_addsubdf3.o)
                0x08000300                __aeabi_drsub
                0x08000308                __aeabi_dsub
                0x08000308                __subdf3
                0x0800030c                __aeabi_dadd
                0x0800030c                __adddf3
                0x08000584                __floatunsidf
                0x08000584                __aeabi_ui2d
                0x080005a4                __floatsidf
                0x080005a4                __aeabi_i2d
                0x080005c8                __aeabi_f2d
                0x080005c8                __extendsfdf2
                0x0800060c                __floatundidf
                0x0800060c                __aeabi_ul2d
                0x0800061c                __floatdidf
                0x0800061c                __aeabi_l2d
 *fill*         0x08000678        0x8 
 .text          0x08000680      0x424 c:/eclipseenvironement/eclipse_e-puck2/tools/gcc-arm-none-eabi-7-2017-q4-major-win32/bin/../lib/gcc/arm-none-eabi/7.2.1/thumb/v7e-m/fpv4-sp/hard\libgcc.a(_arm_muldivdf3.o)
                0x08000680                __aeabi_dmul
                0x08000680                __muldf3
                0x080008d4                __divdf3
                0x080008d4                __aeabi_ddiv
 *fill*         0x08000aa4        0xc 
 .text          0x08000ab0       0x50 c:/eclipseenvironement/eclipse_e-puck2/tools/gcc-arm-none-eabi-7-2017-q4-major-win32/bin/../lib/gcc/arm-none-eabi/7.2.1/thumb/v7e-m/fpv4-sp/hard\libgcc.a(_arm_fixdfsi.o)
                0x08000ab0                __aeabi_d2iz
                0x08000ab0                __fixdfsi
 .text          0x08000b00       0xa0 c:/eclipseenvironement/eclipse_e-puck2/tools/gcc-arm-none-eabi-7-2017-q4-major-win32/bin/../lib/gcc/arm-none-eabi/7.2.1/thumb/v7e-m/fpv4-sp/hard\libgcc.a(_arm_truncdfsf2.o)
                0x08000b00                __truncdfsf2
                0x08000b00                __aeabi_d2f
 .text          0x08000ba0       0x30 c:/eclipseenvironement/eclipse_e-puck2/tools/gcc-arm-none-eabi-7-2017-q4-major-win32/bin/../lib/gcc/arm-none-eabi/7.2.1/thumb/v7e-m/fpv4-sp/hard\libgcc.a(_aeabi_uldivmod.o)
                0x08000ba0                __aeabi_uldivmod
 .text          0x08000bd0      0x2cc c:/eclipseenvironement/eclipse_e-puck2/tools/gcc-arm-none-eabi-7-2017-q4-major-win32/bin/../lib/gcc/arm-none-eabi/7.2.1/thumb/v7e-m/fpv4-sp/hard\libgcc.a(_udivmoddi4.o)
                0x08000bd0                __udivmoddi4
 *fill*         0x08000e9c        0x4 
 .text          0x08000ea0        0x4 c:/eclipseenvironement/eclipse_e-puck2/tools/gcc-arm-none-eabi-7-2017-q4-major-win32/bin/../lib/gcc/arm-none-eabi/7.2.1/thumb/v7e-m/fpv4-sp/hard\libgcc.a(_dvmd_tls.o)
                0x08000ea0                __aeabi_idiv0
                0x08000ea0                __aeabi_ldiv0
 *fill*         0x08000ea4        0xc 
 .text          0x08000eb0      0x134 c:/eclipseenvironement/eclipse_e-puck2/tools/gcc-arm-none-eabi-7-2017-q4-major-win32/bin/../lib/gcc/arm-none-eabi/7.2.1/../../../../arm-none-eabi/lib/thumb/v7e-m/fpv4-sp/hard\libg.a(lib_a-memcpy.o)
                0x08000eb0                memcpy
 *fill*         0x08000fe4        0xc 
 .text          0x08000ff0       0xdc c:/eclipseenvironement/eclipse_e-puck2/tools/gcc-arm-none-eabi-7-2017-q4-major-win32/bin/../lib/gcc/arm-none-eabi/7.2.1/../../../../arm-none-eabi/lib/thumb/v7e-m/fpv4-sp/hard\libg.a(lib_a-strlen.o)
                0x08000ff0                strlen
 *fill*         0x080010cc        0x4 
 .text          0x080010d0       0xa0 c:/eclipseenvironement/eclipse_e-puck2/tools/gcc-arm-none-eabi-7-2017-q4-major-win32/bin/../lib/gcc/arm-none-eabi/7.2.1/../../../../arm-none-eabi/lib/thumb/v7e-m/fpv4-sp/hard\libg.a(lib_a-memchr.o)
                0x080010d0                memchr
 .text          0x08001170      0x110 c:/eclipseenvironement/eclipse_e-puck2/tools/gcc-arm-none-eabi-7-2017-q4-major-win32/bin/../lib/gcc/arm-none-eabi/7.2.1/thumb/v7e-m/fpv4-sp/hard\libgcc.a(_arm_cmpdf2.o)
                0x08001170                __gtdf2
                0x08001170                __gedf2
                0x08001178                __ltdf2
                0x08001178                __ledf2
                0x08001180                __nedf2
                0x08001180                __eqdf2
                0x08001180                __cmpdf2
                0x080011fc                __aeabi_cdrcmple
                0x0800120c                __aeabi_cdcmpeq
                0x0800120c                __aeabi_cdcmple
                0x0800121c                __aeabi_dcmpeq
                0x08001230                __aeabi_dcmplt
                0x08001244                __aeabi_dcmple
                0x08001258                __aeabi_dcmpge
                0x0800126c                __aeabi_dcmpgt
 .text          0x08001280       0x2c c:/eclipseenvironement/eclipse_e-puck2/tools/gcc-arm-none-eabi-7-2017-q4-major-win32/bin/../lib/gcc/arm-none-eabi/7.2.1/thumb/v7e-m/fpv4-sp/hard\libgcc.a(_arm_unorddf2.o)
                0x08001280                __unorddf2
                0x08001280                __aeabi_dcmpun
 *(.text.*)
 *fill*         0x080012ac        0x4 
 .text.startup.main
                0x080012b0       0x4c build/obj/main.o
                0x080012b0                main
 *fill*         0x080012fc        0x4 
 .text.__stack_chk_fail
                0x08001300       0x2c build/obj/main.o
                0x08001300                __stack_chk_fail
 *fill*         0x0800132c        0x4 
 .text.chprintf.constprop.0
                0x08001330       0x3c build/obj/pi_regulator.o
 *fill*         0x0800136c        0x4 
 .text.PiRegulator
                0x08001370      0x130 build/obj/pi_regulator.o
 .text.pi_regulator_start
                0x080014a0       0x38 build/obj/pi_regulator.o
                0x080014a0                pi_regulator_start
 *fill*         0x080014d8        0x8 
 .text.ProcessImage
                0x080014e0      0x178 build/obj/process_image.o
 *fill*         0x08001658        0x8 
 .text.CaptureImage
                0x08001660       0xa4 build/obj/process_image.o
 *fill*         0x08001704        0xc 
 .text.get_distance_cm
                0x08001710       0x2c build/obj/process_image.o
                0x08001710                get_distance_cm
 *fill*         0x0800173c        0x4 
 .text.get_ang_norm
                0x08001740       0x2c build/obj/process_image.o
                0x08001740                get_ang_norm
 *fill*         0x0800176c        0x4 
 .text.process_image_start
                0x08001770       0x50 build/obj/process_image.o
                0x08001770                process_image_start
 .text.dcmi_lld_stop_stream.part.0
                0x080017c0       0x4c build/obj/dcmi_lld.o
 *fill*         0x0800180c        0x4 
 .text.dcmi_lld_serve_dma_rx_interrupt
                0x08001810       0x68 build/obj/dcmi_lld.o
 *fill*         0x08001878        0x8 
 .text.Vector178
                0x08001880       0xb0 build/obj/dcmi_lld.o
                0x08001880                Vector178
 .text.dcmi_lld_init
                0x08001930       0x44 build/obj/dcmi_lld.o
                0x08001930                dcmi_lld_init
 *fill*         0x08001974        0xc 
 .text.dcmi_lld_prepare
                0x08001980       0xd8 build/obj/dcmi_lld.o
                0x08001980                dcmi_lld_prepare
 *fill*         0x08001a58        0x8 
 .text.dcmi_lld_unprepare
                0x08001a60       0x70 build/obj/dcmi_lld.o
                0x08001a60                dcmi_lld_unprepare
 .text.dcmi_lld_start_oneshot
                0x08001ad0       0x44 build/obj/dcmi_lld.o
                0x08001ad0                dcmi_lld_start_oneshot
 *fill*         0x08001b14        0xc 
 .text.dcmi_lld_start_stream
                0x08001b20       0x44 build/obj/dcmi_lld.o
                0x08001b20                dcmi_lld_start_stream
 *fill*         0x08001b64        0xc 
 .text.dcmiInit
                0x08001b70       0x24 build/obj/dcmi.o
                0x08001b70                dcmiInit
 *fill*         0x08001b94        0xc 
 .text.dcmiObjectInit
                0x08001ba0       0x28 build/obj/dcmi.o
                0x08001ba0                dcmiObjectInit
 *fill*         0x08001bc8        0x8 
 .text.dcmiPrepare
                0x08001bd0       0xb0 build/obj/dcmi.o
                0x08001bd0                dcmiPrepare
 .text.dcmiUnprepare
                0x08001c80       0x84 build/obj/dcmi.o
                0x08001c80                dcmiUnprepare
 *fill*         0x08001d04        0xc 
 .text.dcmiStartOneShot
                0x08001d10       0x84 build/obj/dcmi.o
                0x08001d10                dcmiStartOneShot
 *fill*         0x08001d94        0xc 
 .text.dcmiStartStream
                0x08001da0       0x84 build/obj/dcmi.o
                0x08001da0                dcmiStartStream
 *fill*         0x08001e24        0xc 
 .text.dmaTransferEndCb
                0x08001e30       0x20 build/obj/dcmi_camera.o
                0x08001e30                dmaTransferEndCb
 .text.dcmiErrorCb
                0x08001e50       0x20 build/obj/dcmi_camera.o
                0x08001e50                dcmiErrorCb
 .text.frameEndCb
                0x08001e70       0x50 build/obj/dcmi_camera.o
                0x08001e70                frameEndCb
 .text.dcmi_start
                0x08001ec0       0x44 build/obj/dcmi_camera.o
                0x08001ec0                dcmi_start
 *fill*         0x08001f04        0xc 
 .text.dcmi_prepare
                0x08001f10       0x7c build/obj/dcmi_camera.o
                0x08001f10                dcmi_prepare
 *fill*         0x08001f8c        0x4 
 .text.wait_image_ready
                0x08001f90       0x3c build/obj/dcmi_camera.o
                0x08001f90                wait_image_ready
 *fill*         0x08001fcc        0x4 
 .text.dcmi_enable_double_buffering
                0x08001fd0       0x68 build/obj/dcmi_camera.o
                0x08001fd0                dcmi_enable_double_buffering
 *fill*         0x08002038        0x8 
 .text.dcmi_set_capture_mode
                0x08002040       0x28 build/obj/dcmi_camera.o
                0x08002040                dcmi_set_capture_mode
 *fill*         0x08002068        0x8 
 .text.dcmi_get_last_image_ptr
                0x08002070       0x4c build/obj/dcmi_camera.o
                0x08002070                dcmi_get_last_image_ptr
 *fill*         0x080020bc        0x4 
 .text.dcmi_capture_start
                0x080020c0       0x48 build/obj/dcmi_camera.o
                0x080020c0                dcmi_capture_start
 *fill*         0x08002108        0x8 
 .text.po8030_set_format
                0x08002110       0xa8 build/obj/po8030.o
                0x08002110                po8030_set_format
 *fill*         0x080021b8        0x8 
 .text.po8030_advanced_config
                0x080021c0      0x4a8 build/obj/po8030.o
                0x080021c0                po8030_advanced_config
 *fill*         0x08002668        0x8 
 .text.po8030_start
                0x08002670       0x54 build/obj/po8030.o
                0x08002670                po8030_start
 *fill*         0x080026c4        0xc 
 .text.po8030_get_image_size
                0x080026d0       0x34 build/obj/po8030.o
                0x080026d0                po8030_get_image_size
 *fill*         0x08002704        0xc 
 .text.i2c_start.part.0
                0x08002710       0x6c build/obj/i2c_bus.o
 *fill*         0x0800277c        0x4 
 .text.i2c_start
                0x08002780       0x3c build/obj/i2c_bus.o
                0x08002780                i2c_start
 *fill*         0x080027bc        0x4 
 .text.write_reg
                0x080027c0       0x94 build/obj/i2c_bus.o
                0x080027c0                write_reg
 *fill*         0x08002854        0xc 
 .text.mpu_configure_region
                0x08002860       0xb0 build/obj/memory_protection.o
                0x08002860                mpu_configure_region
 .text.mpu_init
                0x08002910       0xa4 build/obj/memory_protection.o
                0x08002910                mpu_init
 *fill*         0x080029b4        0xc 
 .text.MemManage_Handler
                0x080029c0       0x84 build/obj/memory_protection.o
                0x080029c0                MemManage_Handler
 *fill*         0x08002a44        0xc 
 .text.right_motor_update
                0x08002a50       0x88 build/obj/motors.o
 *fill*         0x08002ad8        0x8 
 .text.left_motor_update
                0x08002ae0       0x88 build/obj/motors.o
 *fill*         0x08002b68        0x8 
 .text.right_motor_pwm_ch1_cb
                0x08002b70       0x3c build/obj/motors.o
 *fill*         0x08002bac        0x4 
 .text.left_motor_pwm_ch1_cb
                0x08002bb0       0x3c build/obj/motors.o
 *fill*         0x08002bec        0x4 
 .text.right_motor_enable_power_save
                0x08002bf0       0x38 build/obj/motors.o
                0x08002bf0                right_motor_enable_power_save
 *fill*         0x08002c28        0x8 
 .text.left_motor_enable_power_save
                0x08002c30       0x38 build/obj/motors.o
                0x08002c30                left_motor_enable_power_save
 *fill*         0x08002c68        0x8 
 .text.right_motor_disable_power_save
                0x08002c70       0x2c build/obj/motors.o
                0x08002c70                right_motor_disable_power_save
 *fill*         0x08002c9c        0x4 
 .text.left_motor_disable_power_save
                0x08002ca0       0x2c build/obj/motors.o
                0x08002ca0                left_motor_disable_power_save
 *fill*         0x08002ccc        0x4 
 .text.right_motor_timer_callback
                0x08002cd0       0x7c build/obj/motors.o
 *fill*         0x08002d4c        0x4 
 .text.left_motor_timer_callback
                0x08002d50       0x7c build/obj/motors.o
 *fill*         0x08002dcc        0x4 
 .text.motor_set_speed
                0x08002dd0       0x8c build/obj/motors.o
                0x08002dd0                motor_set_speed
 *fill*         0x08002e5c        0x4 
 .text.left_motor_set_speed
                0x08002e60       0x2c build/obj/motors.o
                0x08002e60                left_motor_set_speed
 *fill*         0x08002e8c        0x4 
 .text.right_motor_set_speed
                0x08002e90       0x2c build/obj/motors.o
                0x08002e90                right_motor_set_speed
 *fill*         0x08002ebc        0x4 
 .text.motors_init
                0x08002ec0       0xb0 build/obj/motors.o
                0x08002ec0                motors_init
 .text.panic_handler
                0x08002f70       0x38 build/obj/panic.o
                0x08002f70                panic_handler
 *fill*         0x08002fa8        0x8 
 .text.get_descriptor
                0x08002fb0       0x50 build/obj/usbcfg.o
 .text.usb_event
                0x08003000       0x68 build/obj/usbcfg.o
 *fill*         0x08003068        0x8 
 .text.usb_start
                0x08003070       0x64 build/obj/usbcfg.o
                0x08003070                usb_start
 *fill*         0x080030d4        0xc 
 .text.__malloc_lock
                0x080030e0       0x2c build/obj/malloc_lock.o
                0x080030e0                __malloc_lock
 *fill*         0x0800310c        0x4 
 .text.__malloc_unlock
                0x08003110       0x2c build/obj/malloc_lock.o
                0x08003110                __malloc_unlock
 *fill*         0x0800313c        0x4 
 .text._sbrk_r  0x08003140       0x40 build/obj/newlib_syscalls.o
                0x08003140                _sbrk_r
 .text._fini    0x08003180       0x20 build/obj/newlib_syscalls.o
                0x08003180                _fini
 .text.__late_init
                0x080031a0       0x20 build/obj/crt1.o
                0x080031a0                __late_init
 .text.__default_exit
                0x080031c0       0x10 build/obj/crt1.o
                0x080031c0                __default_exit
 .text._unhandled_exception
                0x080031d0       0x1c build/obj/vectors.o
                0x080031d0                VectorAC
                0x080031d0                DebugMon_Handler
                0x080031d0                Vector1A0
                0x080031d0                Vector11C
                0x080031d0                HardFault_Handler
                0x080031d0                Vector1B8
                0x080031d0                Vector19C
                0x080031d0                PendSV_Handler
                0x080031d0                Vector168
                0x080031d0                NMI_Handler
                0x080031d0                Vector110
                0x080031d0                VectorC8
                0x080031d0                Vector160
                0x080031d0                Vector1B0
                0x080031d0                UsageFault_Handler
                0x080031d0                VectorEC
                0x080031d0                Vector40
                0x080031d0                VectorF8
                0x080031d0                Vector190
                0x080031d0                Vector148
                0x080031d0                Vector188
                0x080031d0                Vector198
                0x080031d0                VectorCC
                0x080031d0                Vector54
                0x080031d0                VectorD8
                0x080031d0                Vector24
                0x080031d0                Vector1AC
                0x080031d0                Vector1A4
                0x080031d0                VectorD0
                0x080031d0                Vector1B4
                0x080031d0                Vector140
                0x080031d0                Vector134
                0x080031d0                VectorF0
                0x080031d0                Vector13C
                0x080031d0                Vector100
                0x080031d0                VectorF4
                0x080031d0                VectorA0
                0x080031d0                VectorC4
                0x080031d0                Vector180
                0x080031d0                Vector114
                0x080031d0                Vector164
                0x080031d0                Vector1C
                0x080031d0                Vector1BC
                0x080031d0                Vector17C
                0x080031d0                Vector1A8
                0x080031d0                Vector16C
                0x080031d0                VectorD4
                0x080031d0                Vector144
                0x080031d0                Vector15C
                0x080031d0                _unhandled_exception
                0x080031d0                Vector184
                0x080031d0                Vector10C
                0x080031d0                BusFault_Handler
                0x080031d0                Vector50
                0x080031d0                Vector194
                0x080031d0                Vector28
                0x080031d0                Vector34
                0x080031d0                VectorA4
                0x080031d0                Vector20
                0x080031d0                Vector18C
                0x080031d0                Vector174
 *fill*         0x080031ec        0x4 
 .text._idle_thread
                0x080031f0       0x10 build/obj/chsys.o
 .text.chSysInit
                0x08003200       0xd0 build/obj/chsys.o
                0x08003200                chSysInit
 .text.chSysHalt
                0x080032d0       0x20 build/obj/chsys.o
                0x080032d0                chSysHalt
 .text.chSysTimerHandlerI
                0x080032f0       0xa0 build/obj/chsys.o
                0x080032f0                chSysTimerHandlerI
 .text.chSysPolledDelayX
                0x08003390       0x30 build/obj/chsys.o
                0x08003390                chSysPolledDelayX
 .text._dbg_check_enable
                0x080033c0       0x48 build/obj/chdebug.o
                0x080033c0                _dbg_check_enable
 *fill*         0x08003408        0x8 
 .text._dbg_check_lock
                0x08003410       0x3c build/obj/chdebug.o
                0x08003410                _dbg_check_lock
 *fill*         0x0800344c        0x4 
 .text._dbg_check_unlock
                0x08003450       0x40 build/obj/chdebug.o
                0x08003450                _dbg_check_unlock
 .text._dbg_check_lock_from_isr
                0x08003490       0x3c build/obj/chdebug.o
                0x08003490                _dbg_check_lock_from_isr
 *fill*         0x080034cc        0x4 
 .text._dbg_check_unlock_from_isr
                0x080034d0       0x40 build/obj/chdebug.o
                0x080034d0                _dbg_check_unlock_from_isr
 .text._dbg_check_enter_isr
                0x08003510       0x4c build/obj/chdebug.o
                0x08003510                _dbg_check_enter_isr
 *fill*         0x0800355c        0x4 
 .text._dbg_check_leave_isr
                0x08003560       0x4c build/obj/chdebug.o
                0x08003560                _dbg_check_leave_isr
 *fill*         0x080035ac        0x4 
 .text.chDbgCheckClassI
                0x080035b0       0x4c build/obj/chdebug.o
                0x080035b0                chDbgCheckClassI
 *fill*         0x080035fc        0x4 
 .text.chDbgCheckClassS
                0x08003600       0x48 build/obj/chdebug.o
                0x08003600                chDbgCheckClassS
 *fill*         0x08003648        0x8 
 .text._dbg_trace_init
                0x08003650       0x2c build/obj/chdebug.o
                0x08003650                _dbg_trace_init
 *fill*         0x0800367c        0x4 
 .text._dbg_trace
                0x08003680       0x50 build/obj/chdebug.o
                0x08003680                _dbg_trace
 .text._vt_init
                0x080036d0       0x38 build/obj/chvt.o
                0x080036d0                _vt_init
 *fill*         0x08003708        0x8 
 .text.chVTDoSetI
                0x08003710       0x74 build/obj/chvt.o
                0x08003710                chVTDoSetI
 *fill*         0x08003784        0xc 
 .text.chVTDoResetI
                0x08003790       0x68 build/obj/chvt.o
                0x08003790                chVTDoResetI
 *fill*         0x080037f8        0x8 
 .text._scheduler_init
                0x08003800       0x34 build/obj/chschd.o
                0x08003800                _scheduler_init
 *fill*         0x08003834        0xc 
 .text.chSchReadyI
                0x08003840       0x68 build/obj/chschd.o
                0x08003840                chSchReadyI
 *fill*         0x080038a8        0x8 
 .text.wakeup   0x080038b0       0x88 build/obj/chschd.o
 *fill*         0x08003938        0x8 
 .text.chSchGoSleepS
                0x08003940       0x74 build/obj/chschd.o
                0x08003940                chSchGoSleepS
 *fill*         0x080039b4        0xc 
 .text.chSchGoSleepTimeoutS
                0x080039c0       0x64 build/obj/chschd.o
                0x080039c0                chSchGoSleepTimeoutS
 *fill*         0x08003a24        0xc 
 .text.chSchWakeupS
                0x08003a30       0x88 build/obj/chschd.o
                0x08003a30                chSchWakeupS
 *fill*         0x08003ab8        0x8 
 .text.chSchIsPreemptionRequired
                0x08003ac0       0x44 build/obj/chschd.o
                0x08003ac0                chSchIsPreemptionRequired
 *fill*         0x08003b04        0xc 
 .text.chSchDoRescheduleBehind
                0x08003b10       0x70 build/obj/chschd.o
                0x08003b10                chSchDoRescheduleBehind
 .text.chSchDoRescheduleAhead
                0x08003b80       0x80 build/obj/chschd.o
                0x08003b80                chSchDoRescheduleAhead
 .text.chSchRescheduleS
                0x08003c00       0x48 build/obj/chschd.o
                0x08003c00                chSchRescheduleS
 *fill*         0x08003c48        0x8 
 .text.chSchDoReschedule
                0x08003c50       0x44 build/obj/chschd.o
                0x08003c50                chSchDoReschedule
 *fill*         0x08003c94        0xc 
 .text._thread_init
                0x08003ca0       0x74 build/obj/chthreads.o
                0x08003ca0                _thread_init
 *fill*         0x08003d14        0xc 
 .text._thread_memfill
                0x08003d20       0x2c build/obj/chthreads.o
                0x08003d20                _thread_memfill
 *fill*         0x08003d4c        0x4 
 .text.chThdCreateI
                0x08003d50       0x74 build/obj/chthreads.o
                0x08003d50                chThdCreateI
 *fill*         0x08003dc4        0xc 
 .text.chThdCreateStatic
                0x08003dd0       0xb0 build/obj/chthreads.o
                0x08003dd0                chThdCreateStatic
 .text.chThdSleep
                0x08003e80       0x74 build/obj/chthreads.o
                0x08003e80                chThdSleep
 *fill*         0x08003ef4        0xc 
 .text.chThdSleepUntilWindowed
                0x08003f00       0x84 build/obj/chthreads.o
                0x08003f00                chThdSleepUntilWindowed
 *fill*         0x08003f84        0xc 
 .text.chThdExitS
                0x08003f90       0x68 build/obj/chthreads.o
                0x08003f90                chThdExitS
 *fill*         0x08003ff8        0x8 
 .text.chThdExit
                0x08004000       0x38 build/obj/chthreads.o
                0x08004000                chThdExit
 *fill*         0x08004038        0x8 
 .text.chThdSuspendS
                0x08004040       0x44 build/obj/chthreads.o
                0x08004040                chThdSuspendS
 *fill*         0x08004084        0xc 
 .text.chThdSuspendTimeoutS
                0x08004090       0x58 build/obj/chthreads.o
                0x08004090                chThdSuspendTimeoutS
 *fill*         0x080040e8        0x8 
 .text.chThdResumeI
                0x080040f0       0x54 build/obj/chthreads.o
                0x080040f0                chThdResumeI
 *fill*         0x08004144        0xc 
 .text.chThdEnqueueTimeoutS
                0x08004150       0x4c build/obj/chthreads.o
                0x08004150                chThdEnqueueTimeoutS
 *fill*         0x0800419c        0x4 
 .text.chThdDequeueNextI
                0x080041a0       0x54 build/obj/chthreads.o
                0x080041a0                chThdDequeueNextI
 *fill*         0x080041f4        0xc 
 .text.chThdDequeueAllI
                0x08004200       0x5c build/obj/chthreads.o
                0x08004200                chThdDequeueAllI
 *fill*         0x0800425c        0x4 
 .text.chTMObjectInit
                0x08004260       0x34 build/obj/chtm.o
                0x08004260                chTMObjectInit
 *fill*         0x08004294        0xc 
 .text.chTMStartMeasurementX
                0x080042a0       0x2c build/obj/chtm.o
                0x080042a0                chTMStartMeasurementX
 *fill*         0x080042cc        0x4 
 .text.chTMStopMeasurementX
                0x080042d0       0x60 build/obj/chtm.o
                0x080042d0                chTMStopMeasurementX
 .text._tm_init
                0x08004330       0x50 build/obj/chtm.o
                0x08004330                _tm_init
 .text.chTMChainMeasurementToX
                0x08004380       0x5c build/obj/chtm.o
                0x08004380                chTMChainMeasurementToX
 *fill*         0x080043dc        0x4 
 .text._stats_init
                0x080043e0       0x40 build/obj/chstats.o
                0x080043e0                _stats_init
 .text._stats_increase_irq
                0x08004420       0x30 build/obj/chstats.o
                0x08004420                _stats_increase_irq
 .text._stats_ctxswc
                0x08004450       0x40 build/obj/chstats.o
                0x08004450                _stats_ctxswc
 .text._stats_start_measure_crit_thd
                0x08004490       0x2c build/obj/chstats.o
                0x08004490                _stats_start_measure_crit_thd
 *fill*         0x080044bc        0x4 
 .text._stats_stop_measure_crit_thd
                0x080044c0       0x2c build/obj/chstats.o
                0x080044c0                _stats_stop_measure_crit_thd
 *fill*         0x080044ec        0x4 
 .text._stats_start_measure_crit_isr
                0x080044f0       0x2c build/obj/chstats.o
                0x080044f0                _stats_start_measure_crit_isr
 *fill*         0x0800451c        0x4 
 .text._stats_stop_measure_crit_isr
                0x08004520       0x2c build/obj/chstats.o
                0x08004520                _stats_stop_measure_crit_isr
 *fill*         0x0800454c        0x4 
 .text.chSemWaitS
                0x08004550       0x7c build/obj/chsem.o
                0x08004550                chSemWaitS
 *fill*         0x080045cc        0x4 
 .text.chSemWait
                0x080045d0       0x68 build/obj/chsem.o
                0x080045d0                chSemWait
 *fill*         0x08004638        0x8 
 .text.chSemSignalI
                0x08004640       0x7c build/obj/chsem.o
                0x08004640                chSemSignalI
 *fill*         0x080046bc        0x4 
 .text.chMtxObjectInit
                0x080046c0       0x38 build/obj/chmtx.o
                0x080046c0                chMtxObjectInit
 *fill*         0x080046f8        0x8 
 .text.chMtxLockS
                0x08004700      0x184 build/obj/chmtx.o
                0x08004700                chMtxLockS
 *fill*         0x08004884        0xc 
 .text.chMtxLock
                0x08004890       0x64 build/obj/chmtx.o
                0x08004890                chMtxLock
 *fill*         0x080048f4        0xc 
 .text.chMtxUnlock
                0x08004900      0x10c build/obj/chmtx.o
                0x08004900                chMtxUnlock
 *fill*         0x08004a0c        0x4 
 .text.chMtxUnlockS
                0x08004a10       0xe4 build/obj/chmtx.o
                0x08004a10                chMtxUnlockS
 *fill*         0x08004af4        0xc 
 .text.chCondBroadcastI
                0x08004b00       0x50 build/obj/chcond.o
                0x08004b00                chCondBroadcastI
 .text.chCondWaitS
                0x08004b50       0x8c build/obj/chcond.o
                0x08004b50                chCondWaitS
 *fill*         0x08004bdc        0x4 
 .text.chCondWait
                0x08004be0       0x68 build/obj/chcond.o
                0x08004be0                chCondWait
 *fill*         0x08004c48        0x8 
 .text.chEvtSignalI
                0x08004c50       0x6c build/obj/chevents.o
                0x08004c50                chEvtSignalI
 *fill*         0x08004cbc        0x4 
 .text.chEvtBroadcastFlagsI
                0x08004cc0       0x58 build/obj/chevents.o
                0x08004cc0                chEvtBroadcastFlagsI
 *fill*         0x08004d18        0x8 
 .text.chIQObjectInit
                0x08004d20       0x38 build/obj/chqueues.o
                0x08004d20                chIQObjectInit
 *fill*         0x08004d58        0x8 
 .text.chIQResetI
                0x08004d60       0x3c build/obj/chqueues.o
                0x08004d60                chIQResetI
 *fill*         0x08004d9c        0x4 
 .text.chIQPutI
                0x08004da0       0x60 build/obj/chqueues.o
                0x08004da0                chIQPutI
 .text.chIQGetTimeout
                0x08004e00       0x9c build/obj/chqueues.o
                0x08004e00                chIQGetTimeout
 *fill*         0x08004e9c        0x4 
 .text.chIQReadTimeout
                0x08004ea0      0x100 build/obj/chqueues.o
                0x08004ea0                chIQReadTimeout
 .text.chOQObjectInit
                0x08004fa0       0x34 build/obj/chqueues.o
                0x08004fa0                chOQObjectInit
 *fill*         0x08004fd4        0xc 
 .text.chOQResetI
                0x08004fe0       0x3c build/obj/chqueues.o
                0x08004fe0                chOQResetI
 *fill*         0x0800501c        0x4 
 .text.chOQPutTimeout
                0x08005020       0xcc build/obj/chqueues.o
                0x08005020                chOQPutTimeout
 *fill*         0x080050ec        0x4 
 .text.chOQGetI
                0x080050f0       0x5c build/obj/chqueues.o
                0x080050f0                chOQGetI
 *fill*         0x0800514c        0x4 
 .text.chOQWriteTimeout
                0x08005150      0x104 build/obj/chqueues.o
                0x08005150                chOQWriteTimeout
 *fill*         0x08005254        0xc 
 .text._core_init
                0x08005260       0x44 build/obj/chmemcore.o
                0x08005260                _core_init
 *fill*         0x080052a4        0xc 
 .text.chCoreAlloc
                0x080052b0       0x88 build/obj/chmemcore.o
                0x080052b0                chCoreAlloc
 *fill*         0x08005338        0x8 
 .text._heap_init
                0x08005340       0x3c build/obj/chheap.o
                0x08005340                _heap_init
 *fill*         0x0800537c        0x4 
 .text.SVC_Handler
                0x08005380       0x40 build/obj/chcore_v7m.o
                0x08005380                SVC_Handler
 .text._port_irq_epilogue
                0x080053c0       0x7c build/obj/chcore_v7m.o
                0x080053c0                _port_irq_epilogue
 *fill*         0x0800543c        0x4 
 .text.halInit  0x08005440       0x6c build/obj/hal.o
                0x08005440                halInit
 *fill*         0x080054ac        0x4 
 .text._mmcsd_get_slice
                0x080054b0       0x74 build/obj/hal_mmcsd.o
                0x080054b0                _mmcsd_get_slice
 *fill*         0x08005524        0xc 
 .text._mmcsd_get_capacity
                0x08005530       0x80 build/obj/hal_mmcsd.o
                0x08005530                _mmcsd_get_capacity
 .text._mmcsd_get_capacity_ext
                0x080055b0       0x4c build/obj/hal_mmcsd.o
                0x080055b0                _mmcsd_get_capacity_ext
 *fill*         0x080055fc        0x4 
 .text.adcInit  0x08005600       0x24 build/obj/adc.o
                0x08005600                adcInit
 *fill*         0x08005624        0xc 
 .text.adcObjectInit
                0x08005630       0x38 build/obj/adc.o
                0x08005630                adcObjectInit
 *fill*         0x08005668        0x8 
 .text.canInit  0x08005670       0x24 build/obj/can.o
                0x08005670                canInit
 *fill*         0x08005694        0xc 
 .text.canObjectInit
                0x080056a0       0x54 build/obj/can.o
                0x080056a0                canObjectInit
 *fill*         0x080056f4        0xc 
 .text.dacInit  0x08005700       0x24 build/obj/dac.o
                0x08005700                dacInit
 *fill*         0x08005724        0xc 
 .text.dacObjectInit
                0x08005730       0x30 build/obj/dac.o
                0x08005730                dacObjectInit
 .text.extInit  0x08005760       0x24 build/obj/ext.o
                0x08005760                extInit
 *fill*         0x08005784        0xc 
 .text.extObjectInit
                0x08005790       0x28 build/obj/ext.o
                0x08005790                extObjectInit
 *fill*         0x080057b8        0x8 
 .text.gptInit  0x080057c0       0x24 build/obj/gpt.o
                0x080057c0                gptInit
 *fill*         0x080057e4        0xc 
 .text.gptObjectInit
                0x080057f0       0x28 build/obj/gpt.o
                0x080057f0                gptObjectInit
 *fill*         0x08005818        0x8 
 .text.i2cInit  0x08005820       0x24 build/obj/i2c.o
                0x08005820                i2cInit
 *fill*         0x08005844        0xc 
 .text.i2cObjectInit
                0x08005850       0x30 build/obj/i2c.o
                0x08005850                i2cObjectInit
 .text.i2cStart
                0x08005880       0x90 build/obj/i2c.o
                0x08005880                i2cStart
 .text.i2cStop  0x08005910       0x88 build/obj/i2c.o
                0x08005910                i2cStop
 *fill*         0x08005998        0x8 
 .text.i2cGetErrors
                0x080059a0       0x30 build/obj/i2c.o
                0x080059a0                i2cGetErrors
 .text.i2cMasterTransmitTimeout
                0x080059d0       0xd8 build/obj/i2c.o
                0x080059d0                i2cMasterTransmitTimeout
 *fill*         0x08005aa8        0x8 
 .text.i2cAcquireBus
                0x08005ab0       0x38 build/obj/i2c.o
                0x08005ab0                i2cAcquireBus
 *fill*         0x08005ae8        0x8 
 .text.i2cReleaseBus
                0x08005af0       0x38 build/obj/i2c.o
                0x08005af0                i2cReleaseBus
 *fill*         0x08005b28        0x8 
 .text.i2sInit  0x08005b30       0x24 build/obj/i2s.o
                0x08005b30                i2sInit
 *fill*         0x08005b54        0xc 
 .text.i2sObjectInit
                0x08005b60       0x28 build/obj/i2s.o
                0x08005b60                i2sObjectInit
 *fill*         0x08005b88        0x8 
 .text.pwmInit  0x08005b90       0x24 build/obj/pwm.o
                0x08005b90                pwmInit
 *fill*         0x08005bb4        0xc 
 .text.pwmObjectInit
                0x08005bc0       0x2c build/obj/pwm.o
                0x08005bc0                pwmObjectInit
 *fill*         0x08005bec        0x4 
 .text.pwmStart
                0x08005bf0       0x98 build/obj/pwm.o
                0x08005bf0                pwmStart
 *fill*         0x08005c88        0x8 
 .text.pwmChangePeriod
                0x08005c90       0x84 build/obj/pwm.o
                0x08005c90                pwmChangePeriod
 *fill*         0x08005d14        0xc 
 .text.pwmEnableChannel
                0x08005d20       0x98 build/obj/pwm.o
                0x08005d20                pwmEnableChannel
 *fill*         0x08005db8        0x8 
 .text.pwmDisableChannel
                0x08005dc0       0x94 build/obj/pwm.o
                0x08005dc0                pwmDisableChannel
 *fill*         0x08005e54        0xc 
 .text.pwmEnablePeriodicNotification
                0x08005e60       0x8c build/obj/pwm.o
                0x08005e60                pwmEnablePeriodicNotification
 *fill*         0x08005eec        0x4 
 .text.pwmEnableChannelNotification
                0x08005ef0       0xb8 build/obj/pwm.o
                0x08005ef0                pwmEnableChannelNotification
 *fill*         0x08005fa8        0x8 
 .text.sdcGetInfo
                0x08005fb0       0x4c build/obj/sdc.o
                0x08005fb0                sdcGetInfo
 *fill*         0x08005ffc        0x4 
 .text.sdcConnect
                0x08006000      0x3bc build/obj/sdc.o
                0x08006000                sdcConnect
 *fill*         0x080063bc        0x4 
 .text.sdcRead  0x080063c0       0x74 build/obj/sdc.o
                0x080063c0                sdcRead
 *fill*         0x08006434        0xc 
 .text.sdcWrite
                0x08006440       0x74 build/obj/sdc.o
                0x08006440                sdcWrite
 *fill*         0x080064b4        0xc 
 .text.sdcSync  0x080064c0       0x44 build/obj/sdc.o
                0x080064c0                sdcSync
 *fill*         0x08006504        0xc 
 .text._sdc_wait_for_transfer_state
                0x08006510       0x54 build/obj/sdc.o
                0x08006510                _sdc_wait_for_transfer_state
 *fill*         0x08006564        0xc 
 .text.sdcDisconnect
                0x08006570       0xc8 build/obj/sdc.o
                0x08006570                sdcDisconnect
 *fill*         0x08006638        0x8 
 .text.sdcInit  0x08006640       0x24 build/obj/sdc.o
                0x08006640                sdcInit
 *fill*         0x08006664        0xc 
 .text.sdcObjectInit
                0x08006670       0x34 build/obj/sdc.o
                0x08006670                sdcObjectInit
 *fill*         0x080066a4        0xc 
 .text.readt    0x080066b0       0x28 build/obj/serial.o
 *fill*         0x080066d8        0x8 
 .text.read     0x080066e0       0x2c build/obj/serial.o
 *fill*         0x0800670c        0x4 
 .text.writet   0x08006710       0x28 build/obj/serial.o
 *fill*         0x08006738        0x8 
 .text.write    0x08006740       0x2c build/obj/serial.o
 *fill*         0x0800676c        0x4 
 .text.gett     0x08006770       0x28 build/obj/serial.o
 *fill*         0x08006798        0x8 
 .text.get      0x080067a0       0x2c build/obj/serial.o
 *fill*         0x080067cc        0x4 
 .text.putt     0x080067d0       0x28 build/obj/serial.o
 *fill*         0x080067f8        0x8 
 .text.put      0x08006800       0x2c build/obj/serial.o
 *fill*         0x0800682c        0x4 
 .text.sdInit   0x08006830       0x24 build/obj/serial.o
                0x08006830                sdInit
 *fill*         0x08006854        0xc 
 .text.sdObjectInit
                0x08006860       0x5c build/obj/serial.o
                0x08006860                sdObjectInit
 *fill*         0x080068bc        0x4 
 .text.sdStart  0x080068c0       0x88 build/obj/serial.o
                0x080068c0                sdStart
 *fill*         0x08006948        0x8 
 .text.sdIncomingDataI
                0x08006950       0x68 build/obj/serial.o
                0x08006950                sdIncomingDataI
 *fill*         0x080069b8        0x8 
 .text.inotify  0x080069c0       0xc8 build/obj/serial_usb.o
 *fill*         0x08006a88        0x8 
 .text.readt    0x08006a90       0x28 build/obj/serial_usb.o
 *fill*         0x08006ab8        0x8 
 .text.read     0x08006ac0       0x2c build/obj/serial_usb.o
 *fill*         0x08006aec        0x4 
 .text.writet   0x08006af0       0x28 build/obj/serial_usb.o
 *fill*         0x08006b18        0x8 
 .text.write    0x08006b20       0x2c build/obj/serial_usb.o
 *fill*         0x08006b4c        0x4 
 .text.gett     0x08006b50       0x28 build/obj/serial_usb.o
 *fill*         0x08006b78        0x8 
 .text.get      0x08006b80       0x2c build/obj/serial_usb.o
 *fill*         0x08006bac        0x4 
 .text.putt     0x08006bb0       0x28 build/obj/serial_usb.o
 *fill*         0x08006bd8        0x8 
 .text.put      0x08006be0       0x2c build/obj/serial_usb.o
 *fill*         0x08006c0c        0x4 
 .text.onotify  0x08006c10       0xb8 build/obj/serial_usb.o
 *fill*         0x08006cc8        0x8 
 .text.sduInit  0x08006cd0       0x20 build/obj/serial_usb.o
                0x08006cd0                sduInit
 .text.sduObjectInit
                0x08006cf0       0x60 build/obj/serial_usb.o
                0x08006cf0                sduObjectInit
 .text.sduStart
                0x08006d50       0xa4 build/obj/serial_usb.o
                0x08006d50                sduStart
 *fill*         0x08006df4        0xc 
 .text.sduConfigureHookI
                0x08006e00       0x64 build/obj/serial_usb.o
                0x08006e00                sduConfigureHookI
 *fill*         0x08006e64        0xc 
 .text.sduRequestsHook
                0x08006e70       0x60 build/obj/serial_usb.o
                0x08006e70                sduRequestsHook
 .text.sduDataTransmitted
                0x08006ed0       0xb8 build/obj/serial_usb.o
                0x08006ed0                sduDataTransmitted
 *fill*         0x08006f88        0x8 
 .text.sduDataReceived
                0x08006f90       0xac build/obj/serial_usb.o
                0x08006f90                sduDataReceived
 *fill*         0x0800703c        0x4 
 .text.sduInterruptTransmitted
                0x08007040       0x20 build/obj/serial_usb.o
                0x08007040                sduInterruptTransmitted
 .text.spiInit  0x08007060       0x24 build/obj/spi.o
                0x08007060                spiInit
 *fill*         0x08007084        0xc 
 .text.spiObjectInit
                0x08007090       0x30 build/obj/spi.o
                0x08007090                spiObjectInit
 .text.stInit   0x080070c0       0x24 build/obj/st.o
                0x080070c0                stInit
 *fill*         0x080070e4        0xc 
 .text.usbInit  0x080070f0       0x24 build/obj/usb.o
                0x080070f0                usbInit
 *fill*         0x08007114        0xc 
 .text.usbObjectInit
                0x08007120       0x38 build/obj/usb.o
                0x08007120                usbObjectInit
 *fill*         0x08007158        0x8 
 .text.usbStart
                0x08007160       0x94 build/obj/usb.o
                0x08007160                usbStart
 *fill*         0x080071f4        0xc 
 .text.usbInitEndpointI
                0x08007200       0x84 build/obj/usb.o
                0x08007200                usbInitEndpointI
 *fill*         0x08007284        0xc 
 .text.usbPrepareQueuedReceive
                0x08007290       0x3c build/obj/usb.o
                0x08007290                usbPrepareQueuedReceive
 *fill*         0x080072cc        0x4 
 .text.usbPrepareQueuedTransmit
                0x080072d0       0x3c build/obj/usb.o
                0x080072d0                usbPrepareQueuedTransmit
 *fill*         0x0800730c        0x4 
 .text.usbStartReceiveI
                0x08007310       0x54 build/obj/usb.o
                0x08007310                usbStartReceiveI
 *fill*         0x08007364        0xc 
 .text.usbStartTransmitI
                0x08007370       0x54 build/obj/usb.o
                0x08007370                usbStartTransmitI
 *fill*         0x080073c4        0xc 
 .text._usb_reset
                0x080073d0       0x3c build/obj/usb.o
                0x080073d0                _usb_reset
 *fill*         0x0800740c        0x4 
 .text._usb_ep0setup
                0x08007410      0x344 build/obj/usb.o
                0x08007410                _usb_ep0setup
 *fill*         0x08007754        0xc 
 .text._usb_ep0in
                0x08007760      0x120 build/obj/usb.o
                0x08007760                _usb_ep0in
 .text._usb_ep0out
                0x08007880       0xcc build/obj/usb.o
                0x08007880                _usb_ep0out
 *fill*         0x0800794c        0x4 
 .text.nvicEnableVector
                0x08007950       0x4c build/obj/nvic.o
                0x08007950                nvicEnableVector
 *fill*         0x0800799c        0x4 
 .text.nvicDisableVector
                0x080079a0       0x3c build/obj/nvic.o
                0x080079a0                nvicDisableVector
 *fill*         0x080079dc        0x4 
 .text.nvicSetSystemHandlerPriority
                0x080079e0       0x40 build/obj/nvic.o
                0x080079e0                nvicSetSystemHandlerPriority
 .text.Vector6C
                0x08007a20       0x4c build/obj/stm32_dma.o
                0x08007a20                Vector6C
 *fill*         0x08007a6c        0x4 
 .text.Vector70
                0x08007a70       0x50 build/obj/stm32_dma.o
                0x08007a70                Vector70
 .text.Vector74
                0x08007ac0       0x50 build/obj/stm32_dma.o
                0x08007ac0                Vector74
 .text.Vector78
                0x08007b10       0x50 build/obj/stm32_dma.o
                0x08007b10                Vector78
 .text.Vector7C
                0x08007b60       0x4c build/obj/stm32_dma.o
                0x08007b60                Vector7C
 *fill*         0x08007bac        0x4 
 .text.Vector80
                0x08007bb0       0x50 build/obj/stm32_dma.o
                0x08007bb0                Vector80
 .text.Vector84
                0x08007c00       0x50 build/obj/stm32_dma.o
                0x08007c00                Vector84
 .text.VectorFC
                0x08007c50       0x50 build/obj/stm32_dma.o
                0x08007c50                VectorFC
 .text.Vector120
                0x08007ca0       0x4c build/obj/stm32_dma.o
                0x08007ca0                Vector120
 *fill*         0x08007cec        0x4 
 .text.Vector124
                0x08007cf0       0x50 build/obj/stm32_dma.o
                0x08007cf0                Vector124
 .text.Vector128
                0x08007d40       0x50 build/obj/stm32_dma.o
                0x08007d40                Vector128
 .text.Vector12C
                0x08007d90       0x50 build/obj/stm32_dma.o
                0x08007d90                Vector12C
 .text.Vector130
                0x08007de0       0x4c build/obj/stm32_dma.o
                0x08007de0                Vector130
 *fill*         0x08007e2c        0x4 
 .text.Vector150
                0x08007e30       0x50 build/obj/stm32_dma.o
                0x08007e30                Vector150
 .text.Vector154
                0x08007e80       0x50 build/obj/stm32_dma.o
                0x08007e80                Vector154
 .text.Vector158
                0x08007ed0       0x50 build/obj/stm32_dma.o
                0x08007ed0                Vector158
 .text.dmaInit  0x08007f20       0x6c build/obj/stm32_dma.o
                0x08007f20                dmaInit
 *fill*         0x08007f8c        0x4 
 .text.dmaStreamAllocate
                0x08007f90       0xd0 build/obj/stm32_dma.o
                0x08007f90                dmaStreamAllocate
 .text.dmaStreamRelease
                0x08008060       0x80 build/obj/stm32_dma.o
                0x08008060                dmaStreamRelease
 .text.hal_lld_init
                0x080080e0       0x80 build/obj/hal_lld.o
                0x080080e0                hal_lld_init
 .text.stm32_clock_init
                0x08008160       0xf8 build/obj/hal_lld.o
                0x08008160                stm32_clock_init
 *fill*         0x08008258        0x8 
 .text.adc_lld_init
                0x08008260       0x98 build/obj/adc_lld.o
                0x08008260                adc_lld_init
 *fill*         0x080082f8        0x8 
 .text.adc_lld_stop_conversion
                0x08008300       0x50 build/obj/adc_lld.o
                0x08008300                adc_lld_stop_conversion
 .text.Vector88
                0x08008350      0x188 build/obj/adc_lld.o
                0x08008350                Vector88
 *fill*         0x080084d8        0x8 
 .text.Vector58
                0x080084e0       0x48 build/obj/ext_lld_isr.o
                0x080084e0                Vector58
 *fill*         0x08008528        0x8 
 .text.Vector5C
                0x08008530       0x48 build/obj/ext_lld_isr.o
                0x08008530                Vector5C
 *fill*         0x08008578        0x8 
 .text.Vector60
                0x08008580       0x48 build/obj/ext_lld_isr.o
                0x08008580                Vector60
 *fill*         0x080085c8        0x8 
 .text.Vector64
                0x080085d0       0x48 build/obj/ext_lld_isr.o
                0x080085d0                Vector64
 *fill*         0x08008618        0x8 
 .text.Vector68
                0x08008620       0x48 build/obj/ext_lld_isr.o
                0x08008620                Vector68
 *fill*         0x08008668        0x8 
 .text.Vector9C
                0x08008670       0x88 build/obj/ext_lld_isr.o
                0x08008670                Vector9C
 *fill*         0x080086f8        0x8 
 .text.VectorE0
                0x08008700       0x98 build/obj/ext_lld_isr.o
                0x08008700                VectorE0
 *fill*         0x08008798        0x8 
 .text.Vector44
                0x080087a0       0x4c build/obj/ext_lld_isr.o
                0x080087a0                Vector44
 *fill*         0x080087ec        0x4 
 .text.VectorE4
                0x080087f0       0x4c build/obj/ext_lld_isr.o
                0x080087f0                VectorE4
 *fill*         0x0800883c        0x4 
 .text.VectorE8
                0x08008840       0x4c build/obj/ext_lld_isr.o
                0x08008840                VectorE8
 *fill*         0x0800888c        0x4 
 .text.Vector138
                0x08008890       0x4c build/obj/ext_lld_isr.o
                0x08008890                Vector138
 *fill*         0x080088dc        0x4 
 .text.Vector170
                0x080088e0       0x4c build/obj/ext_lld_isr.o
                0x080088e0                Vector170
 *fill*         0x0800892c        0x4 
 .text.Vector48
                0x08008930       0x4c build/obj/ext_lld_isr.o
                0x08008930                Vector48
 *fill*         0x0800897c        0x4 
 .text.Vector4C
                0x08008980       0x4c build/obj/ext_lld_isr.o
                0x08008980                Vector4C
 *fill*         0x080089cc        0x4 
 .text.can_lld_set_filters
                0x080089d0      0x144 build/obj/can_lld.o
 *fill*         0x08008b14        0xc 
 .text.Vector8C
                0x08008b20       0x70 build/obj/can_lld.o
                0x08008b20                Vector8C
 .text.Vector90
                0x08008b90       0xac build/obj/can_lld.o
                0x08008b90                Vector90
 *fill*         0x08008c3c        0x4 
 .text.Vector94
                0x08008c40       0xac build/obj/can_lld.o
                0x08008c40                Vector94
 *fill*         0x08008cec        0x4 
 .text.Vector98
                0x08008cf0       0xc0 build/obj/can_lld.o
                0x08008cf0                Vector98
 .text.can_lld_init
                0x08008db0       0x40 build/obj/can_lld.o
                0x08008db0                can_lld_init
 .text.ext_lld_init
                0x08008df0       0x2c build/obj/ext_lld.o
                0x08008df0                ext_lld_init
 *fill*         0x08008e1c        0x4 
 .text.sdc_lld_collect_errors.isra.0
                0x08008e20       0x58 build/obj/sdc_lld.o
 *fill*         0x08008e78        0x8 
 .text.Vector104
                0x08008e80       0x60 build/obj/sdc_lld.o
                0x08008e80                Vector104
 .text.sdc_lld_init
                0x08008ee0       0x40 build/obj/sdc_lld.o
                0x08008ee0                sdc_lld_init
 .text.sdc_lld_start_clk
                0x08008f20       0x40 build/obj/sdc_lld.o
                0x08008f20                sdc_lld_start_clk
 .text.sdc_lld_set_data_clk
                0x08008f60       0x2c build/obj/sdc_lld.o
                0x08008f60                sdc_lld_set_data_clk
 *fill*         0x08008f8c        0x4 
 .text.sdc_lld_stop_clk
                0x08008f90       0x2c build/obj/sdc_lld.o
                0x08008f90                sdc_lld_stop_clk
 *fill*         0x08008fbc        0x4 
 .text.sdc_lld_set_bus_mode
                0x08008fc0       0x44 build/obj/sdc_lld.o
                0x08008fc0                sdc_lld_set_bus_mode
 *fill*         0x08009004        0xc 
 .text.sdc_lld_send_cmd_none
                0x08009010       0x38 build/obj/sdc_lld.o
                0x08009010                sdc_lld_send_cmd_none
 *fill*         0x08009048        0x8 
 .text.sdc_lld_send_cmd_short
                0x08009050       0x50 build/obj/sdc_lld.o
                0x08009050                sdc_lld_send_cmd_short
 .text.sdc_lld_send_cmd_short_crc
                0x080090a0       0x50 build/obj/sdc_lld.o
                0x080090a0                sdc_lld_send_cmd_short_crc
 .text.sdc_lld_wait_transaction_end
                0x080090f0       0xfc build/obj/sdc_lld.o
 *fill*         0x080091ec        0x4 
 .text.sdc_lld_error_cleanup
                0x080091f0       0x98 build/obj/sdc_lld.o
 *fill*         0x08009288        0x8 
 .text.sdc_lld_send_cmd_long_crc
                0x08009290       0x60 build/obj/sdc_lld.o
                0x08009290                sdc_lld_send_cmd_long_crc
 .text.sdc_lld_read_special
                0x080092f0       0xd4 build/obj/sdc_lld.o
                0x080092f0                sdc_lld_read_special
 *fill*         0x080093c4        0xc 
 .text.sdc_lld_read_aligned
                0x080093d0       0xe4 build/obj/sdc_lld.o
                0x080093d0                sdc_lld_read_aligned
 *fill*         0x080094b4        0xc 
 .text.sdc_lld_write_aligned
                0x080094c0       0xe8 build/obj/sdc_lld.o
                0x080094c0                sdc_lld_write_aligned
 *fill*         0x080095a8        0x8 
 .text.sdc_lld_read
                0x080095b0       0x80 build/obj/sdc_lld.o
                0x080095b0                sdc_lld_read
 .text.sdc_lld_write
                0x08009630       0x80 build/obj/sdc_lld.o
                0x08009630                sdc_lld_write
 .text.sdc_lld_sync
                0x080096b0       0x24 build/obj/sdc_lld.o
                0x080096b0                sdc_lld_sync
 *fill*         0x080096d4        0xc 
 .text.dac_lld_init
                0x080096e0       0x34 build/obj/dac_lld.o
                0x080096e0                dac_lld_init
 *fill*         0x08009714        0xc 
 .text._pal_lld_init
                0x08009720      0x1d0 build/obj/pal_lld.o
                0x08009720                _pal_lld_init
 .text._pal_lld_setgroupmode
                0x080098f0       0xbc build/obj/pal_lld.o
                0x080098f0                _pal_lld_setgroupmode
 *fill*         0x080099ac        0x4 
 .text.i2c_lld_serve_tx_end_irq
                0x080099b0       0x5c build/obj/i2c_lld.o
 *fill*         0x08009a0c        0x4 
 .text.i2c_lld_serve_rx_end_irq
                0x08009a10       0x94 build/obj/i2c_lld.o
 *fill*         0x08009aa4        0xc 
 .text.VectorBC
                0x08009ab0      0x134 build/obj/i2c_lld.o
                0x08009ab0                VectorBC
 *fill*         0x08009be4        0xc 
 .text.VectorC0
                0x08009bf0      0x120 build/obj/i2c_lld.o
                0x08009bf0                VectorC0
 .text.i2c_lld_init
                0x08009d10       0x44 build/obj/i2c_lld.o
                0x08009d10                i2c_lld_init
 *fill*         0x08009d54        0xc 
 .text.i2c_lld_start
                0x08009d60      0x278 build/obj/i2c_lld.o
                0x08009d60                i2c_lld_start
 *fill*         0x08009fd8        0x8 
 .text.i2c_lld_stop
                0x08009fe0       0xa8 build/obj/i2c_lld.o
                0x08009fe0                i2c_lld_stop
 *fill*         0x0800a088        0x8 
 .text.i2c_lld_master_transmit_timeout
                0x0800a090      0x124 build/obj/i2c_lld.o
                0x0800a090                i2c_lld_master_transmit_timeout
 *fill*         0x0800a1b4        0xc 
 .text.otg_disable_ep.isra.0
                0x0800a1c0       0x98 build/obj/usb_lld.o
 *fill*         0x0800a258        0x8 
 .text.usb_lld_pump
                0x0800a260      0x4b8 build/obj/usb_lld.o
                0x0800a260                usb_lld_pump
 *fill*         0x0800a718        0x8 
 .text.usb_lld_init
                0x0800a720       0x5c build/obj/usb_lld.o
                0x0800a720                usb_lld_init
 *fill*         0x0800a77c        0x4 
 .text.usb_lld_start
                0x0800a780      0x110 build/obj/usb_lld.o
                0x0800a780                usb_lld_start
 .text.usb_lld_reset
                0x0800a890       0xe8 build/obj/usb_lld.o
                0x0800a890                usb_lld_reset
 *fill*         0x0800a978        0x8 
 .text.usb_lld_set_address
                0x0800a980       0x38 build/obj/usb_lld.o
                0x0800a980                usb_lld_set_address
 *fill*         0x0800a9b8        0x8 
 .text.usb_lld_init_endpoint
                0x0800a9c0      0x1a0 build/obj/usb_lld.o
                0x0800a9c0                usb_lld_init_endpoint
 .text.usb_lld_get_status_out
                0x0800ab60       0x38 build/obj/usb_lld.o
                0x0800ab60                usb_lld_get_status_out
 *fill*         0x0800ab98        0x8 
 .text.usb_lld_get_status_in
                0x0800aba0       0x38 build/obj/usb_lld.o
                0x0800aba0                usb_lld_get_status_in
 *fill*         0x0800abd8        0x8 
 .text.usb_lld_read_setup
                0x0800abe0       0x30 build/obj/usb_lld.o
                0x0800abe0                usb_lld_read_setup
 .text.usb_lld_prepare_receive
                0x0800ac10       0x5c build/obj/usb_lld.o
                0x0800ac10                usb_lld_prepare_receive
 *fill*         0x0800ac6c        0x4 
 .text.otg_epout_handler.constprop.7
                0x0800ac70       0xd4 build/obj/usb_lld.o
 *fill*         0x0800ad44        0xc 
 .text.usb_lld_prepare_transmit
                0x0800ad50       0x64 build/obj/usb_lld.o
                0x0800ad50                usb_lld_prepare_transmit
 *fill*         0x0800adb4        0xc 
 .text.otg_epin_handler.constprop.8
                0x0800adc0      0x10c build/obj/usb_lld.o
 *fill*         0x0800aecc        0x4 
 .text.Vector14C
                0x0800aed0      0x124 build/obj/usb_lld.o
                0x0800aed0                Vector14C
 *fill*         0x0800aff4        0xc 
 .text.usb_lld_start_out
                0x0800b000       0x34 build/obj/usb_lld.o
                0x0800b000                usb_lld_start_out
 *fill*         0x0800b034        0xc 
 .text.usb_lld_start_in
                0x0800b040       0x44 build/obj/usb_lld.o
                0x0800b040                usb_lld_start_in
 *fill*         0x0800b084        0xc 
 .text.usb_lld_stall_out
                0x0800b090       0x34 build/obj/usb_lld.o
                0x0800b090                usb_lld_stall_out
 *fill*         0x0800b0c4        0xc 
 .text.usb_lld_stall_in
                0x0800b0d0       0x34 build/obj/usb_lld.o
                0x0800b0d0                usb_lld_stall_in
 *fill*         0x0800b104        0xc 
 .text.usb_lld_clear_out
                0x0800b110       0x34 build/obj/usb_lld.o
                0x0800b110                usb_lld_clear_out
 *fill*         0x0800b144        0xc 
 .text.usb_lld_clear_in
                0x0800b150       0x34 build/obj/usb_lld.o
                0x0800b150                usb_lld_clear_in
 *fill*         0x0800b184        0xc 
 .text.i2s_lld_init
                0x0800b190       0x50 build/obj/i2s_lld.o
                0x0800b190                i2s_lld_init
 .text.spi_lld_init
                0x0800b1e0       0x5c build/obj/spi_lld.o
                0x0800b1e0                spi_lld_init
 *fill*         0x0800b23c        0x4 
 .text.gpt_lld_serve_interrupt
                0x0800b240       0x48 build/obj/gpt_lld.o
 *fill*         0x0800b288        0x8 
 .text.Vector118
                0x0800b290       0x3c build/obj/gpt_lld.o
                0x0800b290                Vector118
 *fill*         0x0800b2cc        0x4 
 .text.VectorA8
                0x0800b2d0       0x3c build/obj/gpt_lld.o
                0x0800b2d0                VectorA8
 *fill*         0x0800b30c        0x4 
 .text.gpt_lld_init
                0x0800b310       0x48 build/obj/gpt_lld.o
                0x0800b310                gpt_lld_init
 *fill*         0x0800b358        0x8 
 .text.pwm_lld_serve_interrupt
                0x0800b360       0x80 build/obj/pwm_lld.o
 .text.VectorB0
                0x0800b3e0       0x3c build/obj/pwm_lld.o
                0x0800b3e0                VectorB0
 *fill*         0x0800b41c        0x4 
 .text.VectorB4
                0x0800b420       0x3c build/obj/pwm_lld.o
                0x0800b420                VectorB4
 *fill*         0x0800b45c        0x4 
 .text.VectorB8
                0x0800b460       0x3c build/obj/pwm_lld.o
                0x0800b460                VectorB8
 *fill*         0x0800b49c        0x4 
 .text.Vector108
                0x0800b4a0       0x3c build/obj/pwm_lld.o
                0x0800b4a0                Vector108
 *fill*         0x0800b4dc        0x4 
 .text.pwm_lld_init
                0x0800b4e0       0x80 build/obj/pwm_lld.o
                0x0800b4e0                pwm_lld_init
 .text.pwm_lld_start
                0x0800b560      0x1d0 build/obj/pwm_lld.o
                0x0800b560                pwm_lld_start
 .text.pwm_lld_enable_channel
                0x0800b730       0x2c build/obj/pwm_lld.o
                0x0800b730                pwm_lld_enable_channel
 *fill*         0x0800b75c        0x4 
 .text.pwm_lld_disable_channel
                0x0800b760       0x3c build/obj/pwm_lld.o
                0x0800b760                pwm_lld_disable_channel
 *fill*         0x0800b79c        0x4 
 .text.pwm_lld_enable_periodic_notification
                0x0800b7a0       0x38 build/obj/pwm_lld.o
                0x0800b7a0                pwm_lld_enable_periodic_notification
 *fill*         0x0800b7d8        0x8 
 .text.pwm_lld_enable_channel_notification
                0x0800b7e0       0x38 build/obj/pwm_lld.o
                0x0800b7e0                pwm_lld_enable_channel_notification
 *fill*         0x0800b818        0x8 
 .text.SysTick_Handler
                0x0800b820       0x50 build/obj/st_lld.o
                0x0800b820                SysTick_Handler
 .text.st_lld_init
                0x0800b870       0x40 build/obj/st_lld.o
                0x0800b870                st_lld_init
 .text.notify3  0x0800b8b0       0x30 build/obj/serial_lld.o
 .text.VectorDC
                0x0800b8e0      0x19c build/obj/serial_lld.o
                0x0800b8e0                VectorDC
 *fill*         0x0800ba7c        0x4 
 .text.sd_lld_init
                0x0800ba80       0x3c build/obj/serial_lld.o
                0x0800ba80                sd_lld_init
 *fill*         0x0800babc        0x4 
 .text.sd_lld_start
                0x0800bac0       0xac build/obj/serial_lld.o
                0x0800bac0                sd_lld_start
 *fill*         0x0800bb6c        0x4 
 .text.__early_init
                0x0800bb70       0x24 build/obj/board.o
                0x0800bb70                __early_init
 *fill*         0x0800bb94        0xc 
 .text.sdc_lld_is_card_inserted
                0x0800bba0       0x30 build/obj/board.o
                0x0800bba0                sdc_lld_is_card_inserted
 .text.sdc_lld_is_write_protected
                0x0800bbd0       0x24 build/obj/board.o
                0x0800bbd0                sdc_lld_is_write_protected
 *fill*         0x0800bbf4        0xc 
 .text.boardInit
                0x0800bc00       0x20 build/obj/board.o
                0x0800bc00                boardInit
 .text.chvprintf
                0x0800bc20      0x5a8 build/obj/chprintf.o
                0x0800bc20                chvprintf
 *fill*         0x0800c1c8        0x8 
 .text.malloc   0x0800c1d0       0x10 c:/eclipseenvironement/eclipse_e-puck2/tools/gcc-arm-none-eabi-7-2017-q4-major-win32/bin/../lib/gcc/arm-none-eabi/7.2.1/../../../../arm-none-eabi/lib/thumb/v7e-m/fpv4-sp/hard\libg.a(lib_a-malloc.o)
                0x0800c1d0                malloc
 .text.free     0x0800c1e0       0x10 c:/eclipseenvironement/eclipse_e-puck2/tools/gcc-arm-none-eabi-7-2017-q4-major-win32/bin/../lib/gcc/arm-none-eabi/7.2.1/../../../../arm-none-eabi/lib/thumb/v7e-m/fpv4-sp/hard\libg.a(lib_a-malloc.o)
                0x0800c1e0                free
 .text._malloc_r
                0x0800c1f0      0x548 c:/eclipseenvironement/eclipse_e-puck2/tools/gcc-arm-none-eabi-7-2017-q4-major-win32/bin/../lib/gcc/arm-none-eabi/7.2.1/../../../../arm-none-eabi/lib/thumb/v7e-m/fpv4-sp/hard\libg.a(lib_a-mallocr.o)
                0x0800c1f0                _malloc_r
 *fill*         0x0800c738        0x8 
 .text.__ascii_mbtowc
                0x0800c740       0x2c c:/eclipseenvironement/eclipse_e-puck2/tools/gcc-arm-none-eabi-7-2017-q4-major-win32/bin/../lib/gcc/arm-none-eabi/7.2.1/../../../../arm-none-eabi/lib/thumb/v7e-m/fpv4-sp/hard\libg.a(lib_a-mbtowc_r.o)
                0x0800c740                __ascii_mbtowc
 *fill*         0x0800c76c        0x4 
 .text.memset   0x0800c770       0x94 c:/eclipseenvironement/eclipse_e-puck2/tools/gcc-arm-none-eabi-7-2017-q4-major-win32/bin/../lib/gcc/arm-none-eabi/7.2.1/../../../../arm-none-eabi/lib/thumb/v7e-m/fpv4-sp/hard\libg.a(lib_a-memset.o)
                0x0800c770                memset
 *fill*         0x0800c804        0xc 
 .text.snprintf
                0x0800c810       0x90 c:/eclipseenvironement/eclipse_e-puck2/tools/gcc-arm-none-eabi-7-2017-q4-major-win32/bin/../lib/gcc/arm-none-eabi/7.2.1/../../../../arm-none-eabi/lib/thumb/v7e-m/fpv4-sp/hard\libg.a(lib_a-snprintf.o)
                0x0800c810                snprintf
 .text._svfprintf_r
                0x0800c8a0     0x144c c:/eclipseenvironement/eclipse_e-puck2/tools/gcc-arm-none-eabi-7-2017-q4-major-win32/bin/../lib/gcc/arm-none-eabi/7.2.1/../../../../arm-none-eabi/lib/thumb/v7e-m/fpv4-sp/hard\libg.a(lib_a-svfprintf.o)
                0x0800c8a0                _svfprintf_r
 *fill*         0x0800dcec        0x4 
 .text.__ascii_wctomb
                0x0800dcf0       0x1c c:/eclipseenvironement/eclipse_e-puck2/tools/gcc-arm-none-eabi-7-2017-q4-major-win32/bin/../lib/gcc/arm-none-eabi/7.2.1/../../../../arm-none-eabi/lib/thumb/v7e-m/fpv4-sp/hard\libg.a(lib_a-wctomb_r.o)
                0x0800dcf0                __ascii_wctomb
 *fill*         0x0800dd0c        0x4 
 .text.quorem   0x0800dd10      0x124 c:/eclipseenvironement/eclipse_e-puck2/tools/gcc-arm-none-eabi-7-2017-q4-major-win32/bin/../lib/gcc/arm-none-eabi/7.2.1/../../../../arm-none-eabi/lib/thumb/v7e-m/fpv4-sp/hard\libg.a(lib_a-dtoa.o)
 *fill*         0x0800de34        0xc 
 .text._dtoa_r  0x0800de40      0xe28 c:/eclipseenvironement/eclipse_e-puck2/tools/gcc-arm-none-eabi-7-2017-q4-major-win32/bin/../lib/gcc/arm-none-eabi/7.2.1/../../../../arm-none-eabi/lib/thumb/v7e-m/fpv4-sp/hard\libg.a(lib_a-dtoa.o)
                0x0800de40                _dtoa_r
 *fill*         0x0800ec68        0x8 
 .text._malloc_trim_r
                0x0800ec70       0xa0 c:/eclipseenvironement/eclipse_e-puck2/tools/gcc-arm-none-eabi-7-2017-q4-major-win32/bin/../lib/gcc/arm-none-eabi/7.2.1/../../../../arm-none-eabi/lib/thumb/v7e-m/fpv4-sp/hard\libg.a(lib_a-freer.o)
                0x0800ec70                _malloc_trim_r
 .text._free_r  0x0800ed10      0x1e8 c:/eclipseenvironement/eclipse_e-puck2/tools/gcc-arm-none-eabi-7-2017-q4-major-win32/bin/../lib/gcc/arm-none-eabi/7.2.1/../../../../arm-none-eabi/lib/thumb/v7e-m/fpv4-sp/hard\libg.a(lib_a-freer.o)
                0x0800ed10                _free_r
 *fill*         0x0800eef8        0x8 
 .text._localeconv_r
                0x0800ef00       0x1c c:/eclipseenvironement/eclipse_e-puck2/tools/gcc-arm-none-eabi-7-2017-q4-major-win32/bin/../lib/gcc/arm-none-eabi/7.2.1/../../../../arm-none-eabi/lib/thumb/v7e-m/fpv4-sp/hard\libg.a(lib_a-localeconv.o)
                0x0800ef00                _localeconv_r
 *fill*         0x0800ef1c        0x4 
 .text._Balloc  0x0800ef20       0x4c c:/eclipseenvironement/eclipse_e-puck2/tools/gcc-arm-none-eabi-7-2017-q4-major-win32/bin/../lib/gcc/arm-none-eabi/7.2.1/../../../../arm-none-eabi/lib/thumb/v7e-m/fpv4-sp/hard\libg.a(lib_a-mprec.o)
                0x0800ef20                _Balloc
 *fill*         0x0800ef6c        0x4 
 .text._Bfree   0x0800ef70       0x14 c:/eclipseenvironement/eclipse_e-puck2/tools/gcc-arm-none-eabi-7-2017-q4-major-win32/bin/../lib/gcc/arm-none-eabi/7.2.1/../../../../arm-none-eabi/lib/thumb/v7e-m/fpv4-sp/hard\libg.a(lib_a-mprec.o)
                0x0800ef70                _Bfree
 *fill*         0x0800ef84        0xc 
 .text.__multadd
                0x0800ef90       0x80 c:/eclipseenvironement/eclipse_e-puck2/tools/gcc-arm-none-eabi-7-2017-q4-major-win32/bin/../lib/gcc/arm-none-eabi/7.2.1/../../../../arm-none-eabi/lib/thumb/v7e-m/fpv4-sp/hard\libg.a(lib_a-mprec.o)
                0x0800ef90                __multadd
 .text.__hi0bits
                0x0800f010       0x40 c:/eclipseenvironement/eclipse_e-puck2/tools/gcc-arm-none-eabi-7-2017-q4-major-win32/bin/../lib/gcc/arm-none-eabi/7.2.1/../../../../arm-none-eabi/lib/thumb/v7e-m/fpv4-sp/hard\libg.a(lib_a-mprec.o)
                0x0800f010                __hi0bits
 .text.__lo0bits
                0x0800f050       0x60 c:/eclipseenvironement/eclipse_e-puck2/tools/gcc-arm-none-eabi-7-2017-q4-major-win32/bin/../lib/gcc/arm-none-eabi/7.2.1/../../../../arm-none-eabi/lib/thumb/v7e-m/fpv4-sp/hard\libg.a(lib_a-mprec.o)
                0x0800f050                __lo0bits
 .text.__i2b    0x0800f0b0       0x14 c:/eclipseenvironement/eclipse_e-puck2/tools/gcc-arm-none-eabi-7-2017-q4-major-win32/bin/../lib/gcc/arm-none-eabi/7.2.1/../../../../arm-none-eabi/lib/thumb/v7e-m/fpv4-sp/hard\libg.a(lib_a-mprec.o)
                0x0800f0b0                __i2b
 *fill*         0x0800f0c4        0xc 
 .text.__multiply
                0x0800f0d0      0x14c c:/eclipseenvironement/eclipse_e-puck2/tools/gcc-arm-none-eabi-7-2017-q4-major-win32/bin/../lib/gcc/arm-none-eabi/7.2.1/../../../../arm-none-eabi/lib/thumb/v7e-m/fpv4-sp/hard\libg.a(lib_a-mprec.o)
                0x0800f0d0                __multiply
 *fill*         0x0800f21c        0x4 
 .text.__pow5mult
                0x0800f220       0xa0 c:/eclipseenvironement/eclipse_e-puck2/tools/gcc-arm-none-eabi-7-2017-q4-major-win32/bin/../lib/gcc/arm-none-eabi/7.2.1/../../../../arm-none-eabi/lib/thumb/v7e-m/fpv4-sp/hard\libg.a(lib_a-mprec.o)
                0x0800f220                __pow5mult
 .text.__lshift
                0x0800f2c0       0xac c:/eclipseenvironement/eclipse_e-puck2/tools/gcc-arm-none-eabi-7-2017-q4-major-win32/bin/../lib/gcc/arm-none-eabi/7.2.1/../../../../arm-none-eabi/lib/thumb/v7e-m/fpv4-sp/hard\libg.a(lib_a-mprec.o)
                0x0800f2c0                __lshift
 *fill*         0x0800f36c        0x4 
 .text.__mcmp   0x0800f370       0x38 c:/eclipseenvironement/eclipse_e-puck2/tools/gcc-arm-none-eabi-7-2017-q4-major-win32/bin/../lib/gcc/arm-none-eabi/7.2.1/../../../../arm-none-eabi/lib/thumb/v7e-m/fpv4-sp/hard\libg.a(lib_a-mprec.o)
                0x0800f370                __mcmp
 *fill*         0x0800f3a8        0x8 
 .text.__mdiff  0x0800f3b0       0xec c:/eclipseenvironement/eclipse_e-puck2/tools/gcc-arm-none-eabi-7-2017-q4-major-win32/bin/../lib/gcc/arm-none-eabi/7.2.1/../../../../arm-none-eabi/lib/thumb/v7e-m/fpv4-sp/hard\libg.a(lib_a-mprec.o)
                0x0800f3b0                __mdiff
 *fill*         0x0800f49c        0x4 
 .text.__d2b    0x0800f4a0       0xc4 c:/eclipseenvironement/eclipse_e-puck2/tools/gcc-arm-none-eabi-7-2017-q4-major-win32/bin/../lib/gcc/arm-none-eabi/7.2.1/../../../../arm-none-eabi/lib/thumb/v7e-m/fpv4-sp/hard\libg.a(lib_a-mprec.o)
                0x0800f4a0                __d2b
 *fill*         0x0800f564        0xc 
 .text.__ssprint_r
                0x0800f570       0xf4 c:/eclipseenvironement/eclipse_e-puck2/tools/gcc-arm-none-eabi-7-2017-q4-major-win32/bin/../lib/gcc/arm-none-eabi/7.2.1/../../../../arm-none-eabi/lib/thumb/v7e-m/fpv4-sp/hard\libg.a(lib_a-svfiprintf.o)
                0x0800f570                __ssprint_r
 *fill*         0x0800f664        0xc 
 .text._calloc_r
                0x0800f670       0x68 c:/eclipseenvironement/eclipse_e-puck2/tools/gcc-arm-none-eabi-7-2017-q4-major-win32/bin/../lib/gcc/arm-none-eabi/7.2.1/../../../../arm-none-eabi/lib/thumb/v7e-m/fpv4-sp/hard\libg.a(lib_a-callocr.o)
                0x0800f670                _calloc_r
 *fill*         0x0800f6d8        0x8 
 .text.memmove  0x0800f6e0       0xc8 c:/eclipseenvironement/eclipse_e-puck2/tools/gcc-arm-none-eabi-7-2017-q4-major-win32/bin/../lib/gcc/arm-none-eabi/7.2.1/../../../../arm-none-eabi/lib/thumb/v7e-m/fpv4-sp/hard\libg.a(lib_a-memmove.o)
                0x0800f6e0                memmove
 *fill*         0x0800f7a8        0x8 
 .text._realloc_r
                0x0800f7b0      0x35c c:/eclipseenvironement/eclipse_e-puck2/tools/gcc-arm-none-eabi-7-2017-q4-major-win32/bin/../lib/gcc/arm-none-eabi/7.2.1/../../../../arm-none-eabi/lib/thumb/v7e-m/fpv4-sp/hard\libg.a(lib_a-reallocr.o)
                0x0800f7b0                _realloc_r
 *(.rodata)
 *(.rodata.*)
 *fill*         0x0800fb0c        0x4 
 .rodata.__stack_chk_fail.str1.4
                0x0800fb10       0x18 build/obj/main.o
 *fill*         0x0800fb28        0x8 
 .rodata.__FUNCTION__.11850
                0x0800fb30        0xc build/obj/pi_regulator.o
 *fill*         0x0800fb3c        0x4 
 .rodata.__func__.7153
                0x0800fb40        0xc build/obj/pi_regulator.o
 *fill*         0x0800fb4c        0x4 
 .rodata.chprintf.constprop.0.str1.4
                0x0800fb50       0x24 build/obj/pi_regulator.o
 *fill*         0x0800fb74        0xc 
 .rodata.__FUNCTION__.11367
                0x0800fb80        0xd build/obj/process_image.o
 *fill*         0x0800fb8d        0x3 
 .rodata.__FUNCTION__.11374
                0x0800fb90        0xd build/obj/process_image.o
 *fill*         0x0800fb9d        0x3 
 .rodata.__func__.7153
                0x0800fba0        0xc build/obj/process_image.o
 *fill*         0x0800fbac        0x4 
 .rodata.__func__.9941
                0x0800fbb0       0x11 build/obj/dcmi_lld.o
 *fill*         0x0800fbc1        0xf 
 .rodata.__func__.7153
                0x0800fbd0        0xc build/obj/dcmi.o
 *fill*         0x0800fbdc        0x4 
 .rodata.__func__.9917
                0x0800fbe0        0xc build/obj/dcmi.o
 *fill*         0x0800fbec        0x4 
 .rodata.__func__.9921
                0x0800fbf0        0xe build/obj/dcmi.o
 *fill*         0x0800fbfe        0x2 
 .rodata.__func__.9925
                0x0800fc00       0x11 build/obj/dcmi.o
 *fill*         0x0800fc11        0xf 
 .rodata.__func__.9929
                0x0800fc20       0x10 build/obj/dcmi.o
 .rodata.dcmicfg
                0x0800fc30       0x10 build/obj/dcmi_camera.o
                0x0800fc30                dcmicfg
 .rodata.pwmcfg_cam.9992
                0x0800fc40       0x34 build/obj/po8030.o
 *fill*         0x0800fc74        0xc 
 .rodata.i2c_cfg1.9862
                0x0800fc80        0xc build/obj/i2c_bus.o
 *fill*         0x0800fc8c        0x4 
 .rodata.MemManage_Handler.str1.4
                0x0800fc90       0x56 build/obj/memory_protection.o
 *fill*         0x0800fce6        0xa 
 .rodata.__func__.11595
                0x0800fcf0       0x15 build/obj/memory_protection.o
 *fill*         0x0800fd05        0xb 
 .rodata.__func__.8875
                0x0800fd10        0xc build/obj/memory_protection.o
 *fill*         0x0800fd1c        0x4 
 .rodata.pwmcfg_left_motor.9970
                0x0800fd20       0x34 build/obj/motors.o
 *fill*         0x0800fd54        0xc 
 .rodata.pwmcfg_right_motor.9969
                0x0800fd60       0x34 build/obj/motors.o
 *fill*         0x0800fd94        0xc 
 .rodata.step_halt
                0x0800fda0        0x4 build/obj/motors.o
 *fill*         0x0800fda4        0xc 
 .rodata.step_table
                0x0800fdb0       0x20 build/obj/motors.o
 .rodata.ep1config
                0x0800fdd0       0x24 build/obj/usbcfg.o
 *fill*         0x0800fdf4        0xc 
 .rodata.ep2config
                0x0800fe00       0x24 build/obj/usbcfg.o
 *fill*         0x0800fe24        0xc 
 .rodata.serusbcfg
                0x0800fe30        0x8 build/obj/usbcfg.o
                0x0800fe30                serusbcfg
 *fill*         0x0800fe38        0x8 
 .rodata.usbcfg
                0x0800fe40       0x10 build/obj/usbcfg.o
                0x0800fe40                usbcfg
 .rodata.vcom_configuration_descriptor
                0x0800fe50        0x8 build/obj/usbcfg.o
 *fill*         0x0800fe58        0x8 
 .rodata.vcom_configuration_descriptor_data
                0x0800fe60       0x43 build/obj/usbcfg.o
 *fill*         0x0800fea3        0xd 
 .rodata.vcom_device_descriptor
                0x0800feb0        0x8 build/obj/usbcfg.o
 *fill*         0x0800feb8        0x8 
 .rodata.vcom_device_descriptor_data
                0x0800fec0       0x12 build/obj/usbcfg.o
 *fill*         0x0800fed2        0xe 
 .rodata.vcom_string0
                0x0800fee0        0x4 build/obj/usbcfg.o
 *fill*         0x0800fee4        0xc 
 .rodata.vcom_string1
                0x0800fef0       0x26 build/obj/usbcfg.o
 *fill*         0x0800ff16        0xa 
 .rodata.vcom_string2
                0x0800ff20       0x24 build/obj/usbcfg.o
 *fill*         0x0800ff44        0xc 
 .rodata.vcom_string3
                0x0800ff50        0x8 build/obj/usbcfg.o
 *fill*         0x0800ff58        0x8 
 .rodata.vcom_strings
                0x0800ff60       0x20 build/obj/usbcfg.o
 .rodata.__func__.10923
                0x0800ff80        0x8 build/obj/newlib_syscalls.o
 *fill*         0x0800ff88        0x8 
 .rodata._unhandled_exception.str1.4
                0x0800ff90       0x14 build/obj/vectors.o
 *fill*         0x0800ffa4        0xc 
 .rodata.chSysInit.str1.4
                0x0800ffb0        0x5 build/obj/chsys.o
 *fill*         0x0800ffb5        0xb 
 .rodata._dbg_check_enable.str1.4
                0x0800ffc0        0x5 build/obj/chdebug.o
 *fill*         0x0800ffc5        0xb 
 .rodata._dbg_check_enter_isr.str1.4
                0x0800ffd0        0x5 build/obj/chdebug.o
 *fill*         0x0800ffd5        0xb 
 .rodata._dbg_check_leave_isr.str1.4
                0x0800ffe0        0x5 build/obj/chdebug.o
 *fill*         0x0800ffe5        0xb 
 .rodata._dbg_check_lock.str1.4
                0x0800fff0        0x5 build/obj/chdebug.o
 *fill*         0x0800fff5        0xb 
 .rodata._dbg_check_lock_from_isr.str1.4
                0x08010000        0x5 build/obj/chdebug.o
 *fill*         0x08010005        0xb 
 .rodata._dbg_check_unlock.str1.4
                0x08010010        0x5 build/obj/chdebug.o
 *fill*         0x08010015        0xb 
 .rodata._dbg_check_unlock_from_isr.str1.4
                0x08010020        0x5 build/obj/chdebug.o
 *fill*         0x08010025        0xb 
 .rodata.chDbgCheckClassI.str1.4
                0x08010030        0x6 build/obj/chdebug.o
 *fill*         0x08010036        0xa 
 .rodata.chDbgCheckClassS.str1.4
                0x08010040        0x6 build/obj/chdebug.o
 *fill*         0x08010046        0xa 
 .rodata.__func__.7857
                0x08010050        0xb build/obj/chvt.o
 *fill*         0x0801005b        0x5 
 .rodata.__func__.7864
                0x08010060        0xd build/obj/chvt.o
 *fill*         0x0801006d        0x3 
 .rodata.__func__.7854
                0x08010070        0xc build/obj/chschd.o
 *fill*         0x0801007c        0x4 
 .rodata.chSchGoSleepS.str1.4
                0x08010080        0xf build/obj/chschd.o
 *fill*         0x0801008f        0x1 
 .rodata.__func__.7153
                0x08010090        0xc build/obj/chthreads.o
 *fill*         0x0801009c        0x4 
 .rodata.__func__.7324
                0x080100a0        0xc build/obj/chthreads.o
 *fill*         0x080100ac        0x4 
 .rodata.__func__.7336
                0x080100b0       0x14 build/obj/chthreads.o
 *fill*         0x080100c4        0xc 
 .rodata.__func__.7866
                0x080100d0        0xd build/obj/chthreads.o
 *fill*         0x080100dd        0x3 
 .rodata.__func__.7910
                0x080100e0        0xb build/obj/chthreads.o
 *fill*         0x080100eb        0x5 
 .rodata.__func__.7920
                0x080100f0        0xe build/obj/chthreads.o
 *fill*         0x080100fe        0x2 
 .rodata.__func__.7926
                0x08010100       0x15 build/obj/chthreads.o
 *fill*         0x08010115        0xb 
 .rodata.__func__.7932
                0x08010120        0xd build/obj/chthreads.o
 *fill*         0x0801012d        0x3 
 .rodata.ch_debug
                0x08010130       0x16 build/obj/chregistry.o
                0x08010130                ch_debug
 *fill*         0x08010146        0xa 
 .rodata.__func__.7153
                0x08010150        0xc build/obj/chsem.o
 *fill*         0x0801015c        0x4 
 .rodata.__func__.7871
                0x08010160        0xb build/obj/chsem.o
 *fill*         0x0801016b        0x5 
 .rodata.__func__.7889
                0x08010170        0xd build/obj/chsem.o
 *fill*         0x0801017d        0x3 
 .rodata.__func__.7153
                0x08010180        0xc build/obj/chmtx.o
 *fill*         0x0801018c        0x4 
 .rodata.__func__.7849
                0x08010190       0x10 build/obj/chmtx.o
 .rodata.__func__.7857
                0x080101a0        0xb build/obj/chmtx.o
 *fill*         0x080101ab        0x5 
 .rodata.__func__.7880
                0x080101b0        0xc build/obj/chmtx.o
 *fill*         0x080101bc        0x4 
 .rodata.__func__.7891
                0x080101c0        0xd build/obj/chmtx.o
 *fill*         0x080101cd        0x3 
 .rodata.__func__.7153
                0x080101d0        0xc build/obj/chcond.o
 *fill*         0x080101dc        0x4 
 .rodata.__func__.7865
                0x080101e0       0x11 build/obj/chcond.o
 *fill*         0x080101f1        0xf 
 .rodata.__func__.7879
                0x08010200        0xc build/obj/chcond.o
 *fill*         0x0801020c        0x4 
 .rodata.__func__.7874
                0x08010210       0x15 build/obj/chevents.o
 *fill*         0x08010225        0xb 
 .rodata.__func__.7891
                0x08010230        0xd build/obj/chevents.o
 *fill*         0x0801023d        0x3 
 .rodata.__func__.7153
                0x08010240        0xc build/obj/chqueues.o
 *fill*         0x0801024c        0x4 
 .rodata.__func__.7877
                0x08010250       0x10 build/obj/chqueues.o
 .rodata.__func__.7913
                0x08010260       0x11 build/obj/chqueues.o
 *fill*         0x08010271        0xf 
 .rodata.__func__.7153
                0x08010280        0xc build/obj/chmemcore.o
 *fill*         0x0801028c        0x4 
 .rodata.__func__.9847
                0x08010290       0x11 build/obj/hal_mmcsd.o
 *fill*         0x080102a1        0xf 
 .rodata.__func__.9854
                0x080102b0       0x14 build/obj/hal_mmcsd.o
 *fill*         0x080102c4        0xc 
 .rodata.__func__.9862
                0x080102d0       0x18 build/obj/hal_mmcsd.o
 *fill*         0x080102e8        0x8 
 .rodata.__func__.7153
                0x080102f0        0xc build/obj/i2c.o
 *fill*         0x080102fc        0x4 
 .rodata.__func__.9848
                0x08010300        0x9 build/obj/i2c.o
 *fill*         0x08010309        0x7 
 .rodata.__func__.9852
                0x08010310        0x8 build/obj/i2c.o
 *fill*         0x08010318        0x8 
 .rodata.__func__.9856